
*** Running vivado
    with args -log design_1_axi_timer_0_0.vds -m64 -product Vivado -mode batch -messageDb vivado.pb -notrace -source design_1_axi_timer_0_0.tcl



****** Vivado v2024.1.2 (64-bit)
  **** SW Build 5164865 on Thu Sep  5 14:37:11 MDT 2024
  **** IP Build 5164407 on Fri Sep  6 08:18:11 MDT 2024
  **** SharedData Build 5164864 on Thu Sep 05 13:09:09 MDT 2024
  **** Start of session at: Mon May 19 10:49:12 2025
    ** Copyright 1986-2022 Xilinx, Inc. All Rights Reserved.
    ** Copyright 2022-2024 Advanced Micro Devices, Inc. All Rights Reserved.

source design_1_axi_timer_0_0.tcl -notrace
create_project: Time (s): cpu = 00:00:09 ; elapsed = 00:00:10 . Memory (MB): peak = 523.094 ; gain = 129.527
INFO: [IP_Flow 19-234] Refreshing IP repositories
INFO: [IP_Flow 19-1700] Loaded user IP repository 'c:/PXL/devWorks/devWorks2/CAR/ip_repo'.
INFO: [IP_Flow 19-1700] Loaded user IP repository 'c:/PXL/devWorks/devWorks2/CAR/eval_speedsensor_ip'.
INFO: [IP_Flow 19-2313] Loaded Vivado IP repository 'C:/Xilinx/Vivado/2024.1/data/ip'.
INFO: [IP_Flow 19-6924] IPCACHE: Running cache check for IP inst: design_1_axi_timer_0_0
INFO: [IP_Flow 19-6922] IPCACHE: Exporting cached entry 06783979b5ebcc12 to dir: C:/PXL/devWorks/devWorks2/CAR/Final_Car/Final_Car.runs/design_1_axi_timer_0_0_synth_1
INFO: [IP_Flow 19-6928] IPCACHE: copied cached file c:/PXL/devWorks/devWorks2/CAR/Final_Car/Final_Car.cache/ip/2024.1.2/0/6/06783979b5ebcc12/design_1_axi_timer_1_0.dcp to C:/PXL/devWorks/devWorks2/CAR/Final_Car/Final_Car.runs/design_1_axi_timer_0_0_synth_1/design_1_axi_timer_0_0.dcp.
INFO: [IP_Flow 19-6928] IPCACHE: copied cached file c:/PXL/devWorks/devWorks2/CAR/Final_Car/Final_Car.cache/ip/2024.1.2/0/6/06783979b5ebcc12/design_1_axi_timer_1_0_sim_netlist.v to C:/PXL/devWorks/devWorks2/CAR/Final_Car/Final_Car.runs/design_1_axi_timer_0_0_synth_1/design_1_axi_timer_0_0_sim_netlist.v.
INFO: [IP_Flow 19-6928] IPCACHE: copied cached file c:/PXL/devWorks/devWorks2/CAR/Final_Car/Final_Car.cache/ip/2024.1.2/0/6/06783979b5ebcc12/design_1_axi_timer_1_0_sim_netlist.vhdl to C:/PXL/devWorks/devWorks2/CAR/Final_Car/Final_Car.runs/design_1_axi_timer_0_0_synth_1/design_1_axi_timer_0_0_sim_netlist.vhdl.
INFO: [IP_Flow 19-6928] IPCACHE: copied cached file c:/PXL/devWorks/devWorks2/CAR/Final_Car/Final_Car.cache/ip/2024.1.2/0/6/06783979b5ebcc12/design_1_axi_timer_1_0_stub.v to C:/PXL/devWorks/devWorks2/CAR/Final_Car/Final_Car.runs/design_1_axi_timer_0_0_synth_1/design_1_axi_timer_0_0_stub.v.
INFO: [IP_Flow 19-6928] IPCACHE: copied cached file c:/PXL/devWorks/devWorks2/CAR/Final_Car/Final_Car.cache/ip/2024.1.2/0/6/06783979b5ebcc12/design_1_axi_timer_1_0_stub.vhdl to C:/PXL/devWorks/devWorks2/CAR/Final_Car/Final_Car.runs/design_1_axi_timer_0_0_synth_1/design_1_axi_timer_0_0_stub.vhdl.
INFO: [IP_Flow 19-4838] Using cached IP synthesis design for IP design_1_axi_timer_0_0, cache-ID = 06783979b5ebcc12.
INFO: [Common 17-206] Exiting Vivado at Mon May 19 10:49:26 2025...
