Nothing to build in platform 'HC_SR04'

15:48:17 **** Build of configuration Debug for project HC_SR04_APP ****
make all 
make --no-print-directory pre-build
a9-linaro-pre-build-step
' '
make --no-print-directory main-build
'Building file: ../src/helloworld.c'
'Invoking: ARM v7 gcc compiler'
arm-none-eabi-gcc -Wall -O0 -g3 -c -fmessage-length=0 -MT"src/helloworld.o" -mcpu=cortex-a9 -mfpu=vfpv3 -mfloat-abi=hard -IC:/PXL/devWorks/devWorks2/CAR/HC_SR04/Vitis/HC_SR04/export/HC_SR04/sw/HC_SR04/standalone_ps7_cortexa9_0/bspinclude/include -MMD -MP -MF"src/helloworld.d" -MT"src/helloworld.o" -o "src/helloworld.o" "../src/helloworld.c"
'Finished building: ../src/helloworld.c'
' '
'Building file: ../src/platform.c'
'Invoking: ARM v7 gcc compiler'
arm-none-eabi-gcc -Wall -O0 -g3 -c -fmessage-length=0 -MT"src/platform.o" -mcpu=cortex-a9 -mfpu=vfpv3 -mfloat-abi=hard -IC:/PXL/devWorks/devWorks2/CAR/HC_SR04/Vitis/HC_SR04/export/HC_SR04/sw/HC_SR04/standalone_ps7_cortexa9_0/bspinclude/include -MMD -MP -MF"src/platform.d" -MT"src/platform.o" -o "src/platform.o" "../src/platform.c"
'Finished building: ../src/platform.c'
' '
'Building target: HC_SR04_APP.elf'
'Invoking: ARM v7 gcc linker'
arm-none-eabi-gcc -mcpu=cortex-a9 -mfpu=vfpv3 -mfloat-abi=hard -Wl,-build-id=none -specs=Xilinx.spec -Wl,-T -Wl,../src/lscript.ld -LC:/PXL/devWorks/devWorks2/CAR/HC_SR04/Vitis/HC_SR04/export/HC_SR04/sw/HC_SR04/standalone_ps7_cortexa9_0/bsplib/lib -o "HC_SR04_APP.elf"  ./src/helloworld.o ./src/platform.o   -Wl,--start-group,-lxil,-lgcc,-lc,--end-group
'Finished building target: HC_SR04_APP.elf'
' '
'Invoking: ARM v7 Print Size'
arm-none-eabi-size HC_SR04_APP.elf  |tee "HC_SR04_APP.elf.size"
   text	   data	    bss	    dec	    hex	filename
  23233	   1144	  22576	  46953	   b769	HC_SR04_APP.elf
'Finished building: HC_SR04_APP.elf.size'
' '
