
*** Running vivado
    with args -log design_1_eFPGA_AXI_LM393_driv_1_1.vds -m64 -product Vivado -mode batch -messageDb vivado.pb -notrace -source design_1_eFPGA_AXI_LM393_driv_1_1.tcl



****** Vivado v2024.1.2 (64-bit)
  **** SW Build 5164865 on Thu Sep  5 14:37:11 MDT 2024
  **** IP Build 5164407 on Fri Sep  6 08:18:11 MDT 2024
  **** SharedData Build 5164864 on Thu Sep 05 13:09:09 MDT 2024
  **** Start of session at: Mon May 19 10:48:50 2025
    ** Copyright 1986-2022 Xilinx, Inc. All Rights Reserved.
    ** Copyright 2022-2024 Advanced Micro Devices, Inc. All Rights Reserved.

source design_1_eFPGA_AXI_LM393_driv_1_1.tcl -notrace
create_project: Time (s): cpu = 00:00:09 ; elapsed = 00:00:10 . Memory (MB): peak = 524.688 ; gain = 133.746
INFO: [IP_Flow 19-234] Refreshing IP repositories
INFO: [IP_Flow 19-1700] Loaded user IP repository 'c:/PXL/devWorks/devWorks2/CAR/ip_repo'.
INFO: [IP_Flow 19-1700] Loaded user IP repository 'c:/PXL/devWorks/devWorks2/CAR/eval_speedsensor_ip'.
INFO: [IP_Flow 19-2313] Loaded Vivado IP repository 'C:/Xilinx/Vivado/2024.1/data/ip'.
INFO: [IP_Flow 19-6924] IPCACHE: Running cache check for IP inst: design_1_eFPGA_AXI_LM393_driv_1_1
INFO: [IP_Flow 19-6922] IPCACHE: Exporting cached entry e9e95f8d6286d649 to dir: C:/PXL/devWorks/devWorks2/CAR/Final_Car/Final_Car.runs/design_1_eFPGA_AXI_LM393_driv_1_1_synth_1
INFO: [IP_Flow 19-6928] IPCACHE: copied cached file c:/PXL/devWorks/devWorks2/CAR/Final_Car/Final_Car.cache/ip/2024.1.2/e/9/e9e95f8d6286d649/design_1_eFPGA_AXI_LM393_driv_0_1.dcp to C:/PXL/devWorks/devWorks2/CAR/Final_Car/Final_Car.runs/design_1_eFPGA_AXI_LM393_driv_1_1_synth_1/design_1_eFPGA_AXI_LM393_driv_1_1.dcp.
INFO: [IP_Flow 19-6928] IPCACHE: copied cached file c:/PXL/devWorks/devWorks2/CAR/Final_Car/Final_Car.cache/ip/2024.1.2/e/9/e9e95f8d6286d649/design_1_eFPGA_AXI_LM393_driv_0_1_sim_netlist.v to C:/PXL/devWorks/devWorks2/CAR/Final_Car/Final_Car.runs/design_1_eFPGA_AXI_LM393_driv_1_1_synth_1/design_1_eFPGA_AXI_LM393_driv_1_1_sim_netlist.v.
INFO: [IP_Flow 19-6928] IPCACHE: copied cached file c:/PXL/devWorks/devWorks2/CAR/Final_Car/Final_Car.cache/ip/2024.1.2/e/9/e9e95f8d6286d649/design_1_eFPGA_AXI_LM393_driv_0_1_sim_netlist.vhdl to C:/PXL/devWorks/devWorks2/CAR/Final_Car/Final_Car.runs/design_1_eFPGA_AXI_LM393_driv_1_1_synth_1/design_1_eFPGA_AXI_LM393_driv_1_1_sim_netlist.vhdl.
INFO: [IP_Flow 19-6928] IPCACHE: copied cached file c:/PXL/devWorks/devWorks2/CAR/Final_Car/Final_Car.cache/ip/2024.1.2/e/9/e9e95f8d6286d649/design_1_eFPGA_AXI_LM393_driv_0_1_stub.v to C:/PXL/devWorks/devWorks2/CAR/Final_Car/Final_Car.runs/design_1_eFPGA_AXI_LM393_driv_1_1_synth_1/design_1_eFPGA_AXI_LM393_driv_1_1_stub.v.
INFO: [IP_Flow 19-6928] IPCACHE: copied cached file c:/PXL/devWorks/devWorks2/CAR/Final_Car/Final_Car.cache/ip/2024.1.2/e/9/e9e95f8d6286d649/design_1_eFPGA_AXI_LM393_driv_0_1_stub.vhdl to C:/PXL/devWorks/devWorks2/CAR/Final_Car/Final_Car.runs/design_1_eFPGA_AXI_LM393_driv_1_1_synth_1/design_1_eFPGA_AXI_LM393_driv_1_1_stub.vhdl.
INFO: [IP_Flow 19-4838] Using cached IP synthesis design for IP design_1_eFPGA_AXI_LM393_driv_1_1, cache-ID = e9e95f8d6286d649.
INFO: [Common 17-206] Exiting Vivado at Mon May 19 10:49:07 2025...
