
*** Running vivado
    with args -log design_1_eFPGA_AXI_LM393_driv_0_0.vds -m64 -product Vivado -mode batch -messageDb vivado.pb -notrace -source design_1_eFPGA_AXI_LM393_driv_0_0.tcl



****** Vivado v2024.1.2 (64-bit)
  **** SW Build 5164865 on Thu Sep  5 14:37:11 MDT 2024
  **** IP Build 5164407 on Fri Sep  6 08:18:11 MDT 2024
  **** SharedData Build 5164864 on Thu Sep 05 13:09:09 MDT 2024
  **** Start of session at: Sun Apr 27 13:57:06 2025
    ** Copyright 1986-2022 Xilinx, Inc. All Rights Reserved.
    ** Copyright 2022-2024 Advanced Micro Devices, Inc. All Rights Reserved.

source design_1_eFPGA_AXI_LM393_driv_0_0.tcl -notrace
create_project: Time (s): cpu = 00:00:08 ; elapsed = 00:00:10 . Memory (MB): peak = 521.469 ; gain = 126.551
INFO: [IP_Flow 19-234] Refreshing IP repositories
INFO: [IP_Flow 19-1700] Loaded user IP repository 'c:/PXL/devWorks/devWorks2/CAR/ip_repo'.
INFO: [IP_Flow 19-2313] Loaded Vivado IP repository 'C:/Xilinx/Vivado/2024.1/data/ip'.
WARNING: [IP_Flow 19-4995] The host OS only allows 260 characters in a normal path. The IP cache path is more than 80 characters. If you experience issues with IP caching, please consider changing the IP cache to a location with a shorter path. Alternately consider using the OS subst command to map part of the path to a drive letter. 
Current IP cache path is c:/PXL/devWorks/devWorks2/CAR/MotorcontrolSpeedsensor/MotorcontrolSpeedsensor.cache/ip 
INFO: [IP_Flow 19-6924] IPCACHE: Running cache check for IP inst: design_1_eFPGA_AXI_LM393_driv_0_0
Command: synth_design -top design_1_eFPGA_AXI_LM393_driv_0_0 -part xc7z020clg400-1 -incremental_mode off -mode out_of_context
Starting synth_design
Attempting to get a license for feature 'Synthesis' and/or device 'xc7z020'
INFO: [Common 17-349] Got license for feature 'Synthesis' and/or device 'xc7z020'
INFO: [Device 21-403] Loading part xc7z020clg400-1
INFO: [Device 21-9227] Part: xc7z020clg400-1 does not have CEAM library.
INFO: [Synth 8-7079] Multithreading enabled for synth_design using a maximum of 2 processes.
INFO: [Synth 8-7078] Launching helper process for spawning children vivado processes
INFO: [Synth 8-7075] Helper process launched with PID 13952
---------------------------------------------------------------------------------
Starting RTL Elaboration : Time (s): cpu = 00:00:09 ; elapsed = 00:00:17 . Memory (MB): peak = 1414.484 ; gain = 447.984
---------------------------------------------------------------------------------
INFO: [Synth 8-638] synthesizing module 'design_1_eFPGA_AXI_LM393_driv_0_0' [c:/PXL/devWorks/devWorks2/CAR/MotorcontrolSpeedsensor/MotorcontrolSpeedsensor.gen/sources_1/bd/design_1/ip/design_1_eFPGA_AXI_LM393_driv_0_0/synth/design_1_eFPGA_AXI_LM393_driv_0_0.vhd:84]
	Parameter C_S00_AXI_DATA_WIDTH bound to: 32 - type: integer 
	Parameter C_S00_AXI_ADDR_WIDTH bound to: 4 - type: integer 
INFO: [Synth 8-3491] module 'eFPGA_AXI_LM393_driver' declared at 'c:/PXL/devWorks/devWorks2/CAR/MotorcontrolSpeedsensor/MotorcontrolSpeedsensor.gen/sources_1/bd/design_1/ipshared/bf92/hdl/eFPGA_AXI_LM393_driver.vhd:5' bound to instance 'U0' of component 'eFPGA_AXI_LM393_driver' [c:/PXL/devWorks/devWorks2/CAR/MotorcontrolSpeedsensor/MotorcontrolSpeedsensor.gen/sources_1/bd/design_1/ip/design_1_eFPGA_AXI_LM393_driv_0_0/synth/design_1_eFPGA_AXI_LM393_driv_0_0.vhd:154]
INFO: [Synth 8-638] synthesizing module 'eFPGA_AXI_LM393_driver' [c:/PXL/devWorks/devWorks2/CAR/MotorcontrolSpeedsensor/MotorcontrolSpeedsensor.gen/sources_1/bd/design_1/ipshared/bf92/hdl/eFPGA_AXI_LM393_driver.vhd:51]
	Parameter C_S_AXI_DATA_WIDTH bound to: 32 - type: integer 
	Parameter C_S_AXI_ADDR_WIDTH bound to: 4 - type: integer 
INFO: [Synth 8-3491] module 'eFPGA_AXI_LM393_driver_slave_lite_v1_0_S00_AXI' declared at 'c:/PXL/devWorks/devWorks2/CAR/MotorcontrolSpeedsensor/MotorcontrolSpeedsensor.gen/sources_1/bd/design_1/ipshared/bf92/hdl/eFPGA_AXI_LM393_driver_slave_lite_v1_0_S00_AXI.vhd:5' bound to instance 'eFPGA_AXI_LM393_driver_slave_lite_v1_0_S00_AXI_inst' of component 'eFPGA_AXI_LM393_driver_slave_lite_v1_0_S00_AXI' [c:/PXL/devWorks/devWorks2/CAR/MotorcontrolSpeedsensor/MotorcontrolSpeedsensor.gen/sources_1/bd/design_1/ipshared/bf92/hdl/eFPGA_AXI_LM393_driver.vhd:90]
INFO: [Synth 8-638] synthesizing module 'eFPGA_AXI_LM393_driver_slave_lite_v1_0_S00_AXI' [c:/PXL/devWorks/devWorks2/CAR/MotorcontrolSpeedsensor/MotorcontrolSpeedsensor.gen/sources_1/bd/design_1/ipshared/bf92/hdl/eFPGA_AXI_LM393_driver_slave_lite_v1_0_S00_AXI.vhd:89]
INFO: [Synth 8-226] default block is never used [c:/PXL/devWorks/devWorks2/CAR/MotorcontrolSpeedsensor/MotorcontrolSpeedsensor.gen/sources_1/bd/design_1/ipshared/bf92/hdl/eFPGA_AXI_LM393_driver_slave_lite_v1_0_S00_AXI.vhd:231]
INFO: [Synth 8-3491] module 'speedsensor' declared at 'c:/PXL/devWorks/devWorks2/CAR/MotorcontrolSpeedsensor/MotorcontrolSpeedsensor.gen/sources_1/bd/design_1/ipshared/bf92/hdl/speedsensor.vhd:34' bound to instance 'speedsensor_instance' of component 'speedsensor' [c:/PXL/devWorks/devWorks2/CAR/MotorcontrolSpeedsensor/MotorcontrolSpeedsensor.gen/sources_1/bd/design_1/ipshared/bf92/hdl/eFPGA_AXI_LM393_driver_slave_lite_v1_0_S00_AXI.vhd:325]
INFO: [Synth 8-638] synthesizing module 'speedsensor' [c:/PXL/devWorks/devWorks2/CAR/MotorcontrolSpeedsensor/MotorcontrolSpeedsensor.gen/sources_1/bd/design_1/ipshared/bf92/hdl/speedsensor.vhd:42]
INFO: [Synth 8-256] done synthesizing module 'speedsensor' (0#1) [c:/PXL/devWorks/devWorks2/CAR/MotorcontrolSpeedsensor/MotorcontrolSpeedsensor.gen/sources_1/bd/design_1/ipshared/bf92/hdl/speedsensor.vhd:42]
INFO: [Synth 8-256] done synthesizing module 'eFPGA_AXI_LM393_driver_slave_lite_v1_0_S00_AXI' (0#1) [c:/PXL/devWorks/devWorks2/CAR/MotorcontrolSpeedsensor/MotorcontrolSpeedsensor.gen/sources_1/bd/design_1/ipshared/bf92/hdl/eFPGA_AXI_LM393_driver_slave_lite_v1_0_S00_AXI.vhd:89]
INFO: [Synth 8-256] done synthesizing module 'eFPGA_AXI_LM393_driver' (0#1) [c:/PXL/devWorks/devWorks2/CAR/MotorcontrolSpeedsensor/MotorcontrolSpeedsensor.gen/sources_1/bd/design_1/ipshared/bf92/hdl/eFPGA_AXI_LM393_driver.vhd:51]
INFO: [Synth 8-256] done synthesizing module 'design_1_eFPGA_AXI_LM393_driv_0_0' (0#1) [c:/PXL/devWorks/devWorks2/CAR/MotorcontrolSpeedsensor/MotorcontrolSpeedsensor.gen/sources_1/bd/design_1/ip/design_1_eFPGA_AXI_LM393_driv_0_0/synth/design_1_eFPGA_AXI_LM393_driv_0_0.vhd:84]
WARNING: [Synth 8-3848] Net S_result in module/entity eFPGA_AXI_LM393_driver_slave_lite_v1_0_S00_AXI does not have driver. [c:/PXL/devWorks/devWorks2/CAR/MotorcontrolSpeedsensor/MotorcontrolSpeedsensor.gen/sources_1/bd/design_1/ipshared/bf92/hdl/eFPGA_AXI_LM393_driver_slave_lite_v1_0_S00_AXI.vhd:21]
WARNING: [Synth 8-7129] Port S_result[31] in module eFPGA_AXI_LM393_driver_slave_lite_v1_0_S00_AXI is either unconnected or has no load
WARNING: [Synth 8-7129] Port S_result[30] in module eFPGA_AXI_LM393_driver_slave_lite_v1_0_S00_AXI is either unconnected or has no load
WARNING: [Synth 8-7129] Port S_result[29] in module eFPGA_AXI_LM393_driver_slave_lite_v1_0_S00_AXI is either unconnected or has no load
WARNING: [Synth 8-7129] Port S_result[28] in module eFPGA_AXI_LM393_driver_slave_lite_v1_0_S00_AXI is either unconnected or has no load
WARNING: [Synth 8-7129] Port S_result[27] in module eFPGA_AXI_LM393_driver_slave_lite_v1_0_S00_AXI is either unconnected or has no load
WARNING: [Synth 8-7129] Port S_result[26] in module eFPGA_AXI_LM393_driver_slave_lite_v1_0_S00_AXI is either unconnected or has no load
WARNING: [Synth 8-7129] Port S_result[25] in module eFPGA_AXI_LM393_driver_slave_lite_v1_0_S00_AXI is either unconnected or has no load
WARNING: [Synth 8-7129] Port S_result[24] in module eFPGA_AXI_LM393_driver_slave_lite_v1_0_S00_AXI is either unconnected or has no load
WARNING: [Synth 8-7129] Port S_result[23] in module eFPGA_AXI_LM393_driver_slave_lite_v1_0_S00_AXI is either unconnected or has no load
WARNING: [Synth 8-7129] Port S_result[22] in module eFPGA_AXI_LM393_driver_slave_lite_v1_0_S00_AXI is either unconnected or has no load
WARNING: [Synth 8-7129] Port S_result[21] in module eFPGA_AXI_LM393_driver_slave_lite_v1_0_S00_AXI is either unconnected or has no load
WARNING: [Synth 8-7129] Port S_result[20] in module eFPGA_AXI_LM393_driver_slave_lite_v1_0_S00_AXI is either unconnected or has no load
WARNING: [Synth 8-7129] Port S_result[19] in module eFPGA_AXI_LM393_driver_slave_lite_v1_0_S00_AXI is either unconnected or has no load
WARNING: [Synth 8-7129] Port S_result[18] in module eFPGA_AXI_LM393_driver_slave_lite_v1_0_S00_AXI is either unconnected or has no load
WARNING: [Synth 8-7129] Port S_result[17] in module eFPGA_AXI_LM393_driver_slave_lite_v1_0_S00_AXI is either unconnected or has no load
WARNING: [Synth 8-7129] Port S_result[16] in module eFPGA_AXI_LM393_driver_slave_lite_v1_0_S00_AXI is either unconnected or has no load
WARNING: [Synth 8-7129] Port S_result[15] in module eFPGA_AXI_LM393_driver_slave_lite_v1_0_S00_AXI is either unconnected or has no load
WARNING: [Synth 8-7129] Port S_result[14] in module eFPGA_AXI_LM393_driver_slave_lite_v1_0_S00_AXI is either unconnected or has no load
WARNING: [Synth 8-7129] Port S_result[13] in module eFPGA_AXI_LM393_driver_slave_lite_v1_0_S00_AXI is either unconnected or has no load
WARNING: [Synth 8-7129] Port S_result[12] in module eFPGA_AXI_LM393_driver_slave_lite_v1_0_S00_AXI is either unconnected or has no load
WARNING: [Synth 8-7129] Port S_result[11] in module eFPGA_AXI_LM393_driver_slave_lite_v1_0_S00_AXI is either unconnected or has no load
WARNING: [Synth 8-7129] Port S_result[10] in module eFPGA_AXI_LM393_driver_slave_lite_v1_0_S00_AXI is either unconnected or has no load
WARNING: [Synth 8-7129] Port S_result[9] in module eFPGA_AXI_LM393_driver_slave_lite_v1_0_S00_AXI is either unconnected or has no load
WARNING: [Synth 8-7129] Port S_result[8] in module eFPGA_AXI_LM393_driver_slave_lite_v1_0_S00_AXI is either unconnected or has no load
WARNING: [Synth 8-7129] Port S_result[7] in module eFPGA_AXI_LM393_driver_slave_lite_v1_0_S00_AXI is either unconnected or has no load
WARNING: [Synth 8-7129] Port S_result[6] in module eFPGA_AXI_LM393_driver_slave_lite_v1_0_S00_AXI is either unconnected or has no load
WARNING: [Synth 8-7129] Port S_result[5] in module eFPGA_AXI_LM393_driver_slave_lite_v1_0_S00_AXI is either unconnected or has no load
WARNING: [Synth 8-7129] Port S_result[4] in module eFPGA_AXI_LM393_driver_slave_lite_v1_0_S00_AXI is either unconnected or has no load
WARNING: [Synth 8-7129] Port S_result[3] in module eFPGA_AXI_LM393_driver_slave_lite_v1_0_S00_AXI is either unconnected or has no load
WARNING: [Synth 8-7129] Port S_result[2] in module eFPGA_AXI_LM393_driver_slave_lite_v1_0_S00_AXI is either unconnected or has no load
WARNING: [Synth 8-7129] Port S_result[1] in module eFPGA_AXI_LM393_driver_slave_lite_v1_0_S00_AXI is either unconnected or has no load
WARNING: [Synth 8-7129] Port S_result[0] in module eFPGA_AXI_LM393_driver_slave_lite_v1_0_S00_AXI is either unconnected or has no load
WARNING: [Synth 8-7129] Port S_AXI_AWPROT[2] in module eFPGA_AXI_LM393_driver_slave_lite_v1_0_S00_AXI is either unconnected or has no load
WARNING: [Synth 8-7129] Port S_AXI_AWPROT[1] in module eFPGA_AXI_LM393_driver_slave_lite_v1_0_S00_AXI is either unconnected or has no load
WARNING: [Synth 8-7129] Port S_AXI_AWPROT[0] in module eFPGA_AXI_LM393_driver_slave_lite_v1_0_S00_AXI is either unconnected or has no load
WARNING: [Synth 8-7129] Port S_AXI_ARPROT[2] in module eFPGA_AXI_LM393_driver_slave_lite_v1_0_S00_AXI is either unconnected or has no load
WARNING: [Synth 8-7129] Port S_AXI_ARPROT[1] in module eFPGA_AXI_LM393_driver_slave_lite_v1_0_S00_AXI is either unconnected or has no load
WARNING: [Synth 8-7129] Port S_AXI_ARPROT[0] in module eFPGA_AXI_LM393_driver_slave_lite_v1_0_S00_AXI is either unconnected or has no load
---------------------------------------------------------------------------------
Finished RTL Elaboration : Time (s): cpu = 00:00:11 ; elapsed = 00:00:21 . Memory (MB): peak = 1533.605 ; gain = 567.105
---------------------------------------------------------------------------------
---------------------------------------------------------------------------------
Start Handling Custom Attributes
---------------------------------------------------------------------------------
---------------------------------------------------------------------------------
Finished Handling Custom Attributes : Time (s): cpu = 00:00:11 ; elapsed = 00:00:21 . Memory (MB): peak = 1533.605 ; gain = 567.105
---------------------------------------------------------------------------------
---------------------------------------------------------------------------------
Finished RTL Optimization Phase 1 : Time (s): cpu = 00:00:11 ; elapsed = 00:00:21 . Memory (MB): peak = 1533.605 ; gain = 567.105
---------------------------------------------------------------------------------
Netlist sorting complete. Time (s): cpu = 00:00:00 ; elapsed = 00:00:00.010 . Memory (MB): peak = 1533.605 ; gain = 0.000
INFO: [Project 1-570] Preparing netlist for logic optimization

Processing XDC Constraints
Initializing timing engine
Completed Processing XDC Constraints

Netlist sorting complete. Time (s): cpu = 00:00:00 ; elapsed = 00:00:00 . Memory (MB): peak = 1626.145 ; gain = 0.000
INFO: [Project 1-111] Unisim Transformation Summary:
No Unisim elements were transformed.

Constraint Validation Runtime : Time (s): cpu = 00:00:00 ; elapsed = 00:00:00.103 . Memory (MB): peak = 1629.148 ; gain = 3.004
INFO: [Designutils 20-5008] Incremental synthesis strategy off
---------------------------------------------------------------------------------
Finished Constraint Validation : Time (s): cpu = 00:00:23 ; elapsed = 00:00:35 . Memory (MB): peak = 1629.148 ; gain = 662.648
---------------------------------------------------------------------------------
---------------------------------------------------------------------------------
Start Loading Part and Timing Information
---------------------------------------------------------------------------------
Loading part: xc7z020clg400-1
---------------------------------------------------------------------------------
Finished Loading Part and Timing Information : Time (s): cpu = 00:00:23 ; elapsed = 00:00:35 . Memory (MB): peak = 1629.148 ; gain = 662.648
---------------------------------------------------------------------------------
---------------------------------------------------------------------------------
Start Applying 'set_property' XDC Constraints
---------------------------------------------------------------------------------
---------------------------------------------------------------------------------
Finished applying 'set_property' XDC Constraints : Time (s): cpu = 00:00:23 ; elapsed = 00:00:35 . Memory (MB): peak = 1629.148 ; gain = 662.648
---------------------------------------------------------------------------------
INFO: [Synth 8-802] inferred FSM for state register 'state_write_reg' in module 'eFPGA_AXI_LM393_driver_slave_lite_v1_0_S00_AXI'
INFO: [Synth 8-802] inferred FSM for state register 'state_read_reg' in module 'eFPGA_AXI_LM393_driver_slave_lite_v1_0_S00_AXI'
---------------------------------------------------------------------------------------------------
                   State |                     New Encoding |                Previous Encoding 
---------------------------------------------------------------------------------------------------
                    idle |                              001 |                               00
                   waddr |                              010 |                               10
                   wdata |                              100 |                               11
---------------------------------------------------------------------------------------------------
INFO: [Synth 8-3354] encoded FSM with state register 'state_write_reg' using encoding 'one-hot' in module 'eFPGA_AXI_LM393_driver_slave_lite_v1_0_S00_AXI'
---------------------------------------------------------------------------------------------------
                   State |                     New Encoding |                Previous Encoding 
---------------------------------------------------------------------------------------------------
                    idle |                               00 |                               00
                   raddr |                               01 |                               10
                   rdata |                               10 |                               11
---------------------------------------------------------------------------------------------------
INFO: [Synth 8-3354] encoded FSM with state register 'state_read_reg' using encoding 'sequential' in module 'eFPGA_AXI_LM393_driver_slave_lite_v1_0_S00_AXI'
---------------------------------------------------------------------------------
Finished RTL Optimization Phase 2 : Time (s): cpu = 00:00:23 ; elapsed = 00:00:36 . Memory (MB): peak = 1629.148 ; gain = 662.648
---------------------------------------------------------------------------------
---------------------------------------------------------------------------------
Start RTL Component Statistics 
---------------------------------------------------------------------------------
Detailed RTL Component Info : 
+---Adders : 
	   2 Input   32 Bit       Adders := 1     
+---Registers : 
	               32 Bit    Registers := 5     
	                4 Bit    Registers := 2     
	                2 Bit    Registers := 1     
	                1 Bit    Registers := 7     
+---Muxes : 
	   2 Input   32 Bit        Muxes := 6     
	   4 Input   32 Bit        Muxes := 4     
	   3 Input    3 Bit        Muxes := 1     
	   2 Input    3 Bit        Muxes := 3     
	   3 Input    2 Bit        Muxes := 1     
	   2 Input    2 Bit        Muxes := 3     
	   2 Input    1 Bit        Muxes := 2     
	   3 Input    1 Bit        Muxes := 12    
---------------------------------------------------------------------------------
Finished RTL Component Statistics 
---------------------------------------------------------------------------------
---------------------------------------------------------------------------------
Start Part Resource Summary
---------------------------------------------------------------------------------
Part Resources:
DSPs: 220 (col length:60)
BRAMs: 280 (col length: RAMB18 60 RAMB36 30)
---------------------------------------------------------------------------------
Finished Part Resource Summary
---------------------------------------------------------------------------------
---------------------------------------------------------------------------------
Start Cross Boundary and Area Optimization
---------------------------------------------------------------------------------
WARNING: [Synth 8-7080] Parallel synthesis criteria is not met
WARNING: [Synth 8-7129] Port s00_axi_awprot[2] in module design_1_eFPGA_AXI_LM393_driv_0_0 is either unconnected or has no load
WARNING: [Synth 8-7129] Port s00_axi_awprot[1] in module design_1_eFPGA_AXI_LM393_driv_0_0 is either unconnected or has no load
WARNING: [Synth 8-7129] Port s00_axi_awprot[0] in module design_1_eFPGA_AXI_LM393_driv_0_0 is either unconnected or has no load
WARNING: [Synth 8-7129] Port s00_axi_arprot[2] in module design_1_eFPGA_AXI_LM393_driv_0_0 is either unconnected or has no load
WARNING: [Synth 8-7129] Port s00_axi_arprot[1] in module design_1_eFPGA_AXI_LM393_driv_0_0 is either unconnected or has no load
WARNING: [Synth 8-7129] Port s00_axi_arprot[0] in module design_1_eFPGA_AXI_LM393_driv_0_0 is either unconnected or has no load
---------------------------------------------------------------------------------
Finished Cross Boundary and Area Optimization : Time (s): cpu = 00:00:26 ; elapsed = 00:00:39 . Memory (MB): peak = 1629.148 ; gain = 662.648
---------------------------------------------------------------------------------
---------------------------------------------------------------------------------
Start Applying XDC Timing Constraints
---------------------------------------------------------------------------------
---------------------------------------------------------------------------------
Finished Applying XDC Timing Constraints : Time (s): cpu = 00:00:39 ; elapsed = 00:00:54 . Memory (MB): peak = 1629.148 ; gain = 662.648
---------------------------------------------------------------------------------
---------------------------------------------------------------------------------
Start Timing Optimization
---------------------------------------------------------------------------------
---------------------------------------------------------------------------------
Finished Timing Optimization : Time (s): cpu = 00:00:39 ; elapsed = 00:00:54 . Memory (MB): peak = 1629.148 ; gain = 662.648
---------------------------------------------------------------------------------
---------------------------------------------------------------------------------
Start Technology Mapping
---------------------------------------------------------------------------------
---------------------------------------------------------------------------------
Finished Technology Mapping : Time (s): cpu = 00:00:39 ; elapsed = 00:00:54 . Memory (MB): peak = 1629.148 ; gain = 662.648
---------------------------------------------------------------------------------
---------------------------------------------------------------------------------
Start IO Insertion
---------------------------------------------------------------------------------
---------------------------------------------------------------------------------
Start Flattening Before IO Insertion
---------------------------------------------------------------------------------
---------------------------------------------------------------------------------
Finished Flattening Before IO Insertion
---------------------------------------------------------------------------------
---------------------------------------------------------------------------------
Start Final Netlist Cleanup
---------------------------------------------------------------------------------
---------------------------------------------------------------------------------
Finished Final Netlist Cleanup
---------------------------------------------------------------------------------
---------------------------------------------------------------------------------
Finished IO Insertion : Time (s): cpu = 00:00:45 ; elapsed = 00:01:01 . Memory (MB): peak = 1629.148 ; gain = 662.648
---------------------------------------------------------------------------------
---------------------------------------------------------------------------------
Start Renaming Generated Instances
---------------------------------------------------------------------------------
---------------------------------------------------------------------------------
Finished Renaming Generated Instances : Time (s): cpu = 00:00:45 ; elapsed = 00:01:01 . Memory (MB): peak = 1629.148 ; gain = 662.648
---------------------------------------------------------------------------------
---------------------------------------------------------------------------------
Start Rebuilding User Hierarchy
---------------------------------------------------------------------------------
---------------------------------------------------------------------------------
Finished Rebuilding User Hierarchy : Time (s): cpu = 00:00:45 ; elapsed = 00:01:01 . Memory (MB): peak = 1629.148 ; gain = 662.648
---------------------------------------------------------------------------------
---------------------------------------------------------------------------------
Start Renaming Generated Ports
---------------------------------------------------------------------------------
---------------------------------------------------------------------------------
Finished Renaming Generated Ports : Time (s): cpu = 00:00:45 ; elapsed = 00:01:01 . Memory (MB): peak = 1629.148 ; gain = 662.648
---------------------------------------------------------------------------------
---------------------------------------------------------------------------------
Start Handling Custom Attributes
---------------------------------------------------------------------------------
---------------------------------------------------------------------------------
Finished Handling Custom Attributes : Time (s): cpu = 00:00:45 ; elapsed = 00:01:01 . Memory (MB): peak = 1629.148 ; gain = 662.648
---------------------------------------------------------------------------------
---------------------------------------------------------------------------------
Start Renaming Generated Nets
---------------------------------------------------------------------------------
---------------------------------------------------------------------------------
Finished Renaming Generated Nets : Time (s): cpu = 00:00:45 ; elapsed = 00:01:01 . Memory (MB): peak = 1629.148 ; gain = 662.648
---------------------------------------------------------------------------------
---------------------------------------------------------------------------------
Start Writing Synthesis Report
---------------------------------------------------------------------------------

Report BlackBoxes: 
+-+--------------+----------+
| |BlackBox name |Instances |
+-+--------------+----------+
+-+--------------+----------+

Report Cell Usage: 
+------+-------+------+
|      |Cell   |Count |
+------+-------+------+
|1     |CARRY4 |     8|
|2     |LUT1   |     2|
|3     |LUT2   |     3|
|4     |LUT3   |     2|
|5     |LUT4   |     4|
|6     |LUT5   |    48|
|7     |LUT6   |    46|
|8     |FDRE   |   175|
|9     |FDSE   |     1|
+------+-------+------+
---------------------------------------------------------------------------------
Finished Writing Synthesis Report : Time (s): cpu = 00:00:46 ; elapsed = 00:01:01 . Memory (MB): peak = 1629.148 ; gain = 662.648
---------------------------------------------------------------------------------
Synthesis finished with 0 errors, 0 critical warnings and 7 warnings.
Synthesis Optimization Runtime : Time (s): cpu = 00:00:32 ; elapsed = 00:00:58 . Memory (MB): peak = 1629.148 ; gain = 567.105
Synthesis Optimization Complete : Time (s): cpu = 00:00:46 ; elapsed = 00:01:02 . Memory (MB): peak = 1629.148 ; gain = 662.648
INFO: [Project 1-571] Translating synthesized netlist
Netlist sorting complete. Time (s): cpu = 00:00:00 ; elapsed = 00:00:00.005 . Memory (MB): peak = 1629.148 ; gain = 0.000
INFO: [Netlist 29-17] Analyzing 8 Unisim elements for replacement
INFO: [Netlist 29-28] Unisim Transformation completed in 0 CPU seconds
INFO: [Project 1-570] Preparing netlist for logic optimization
INFO: [Opt 31-138] Pushed 0 inverter(s) to 0 load pin(s).
Netlist sorting complete. Time (s): cpu = 00:00:00 ; elapsed = 00:00:00 . Memory (MB): peak = 1629.148 ; gain = 0.000
INFO: [Project 1-111] Unisim Transformation Summary:
No Unisim elements were transformed.

Synth Design complete | Checksum: 7f799e1d
INFO: [Common 17-83] Releasing license: Synthesis
36 Infos, 47 Warnings, 0 Critical Warnings and 0 Errors encountered.
synth_design completed successfully
synth_design: Time (s): cpu = 00:00:54 ; elapsed = 00:01:16 . Memory (MB): peak = 1629.148 ; gain = 1094.020
Write ShapeDB Complete: Time (s): cpu = 00:00:00 ; elapsed = 00:00:00.001 . Memory (MB): peak = 1629.148 ; gain = 0.000
INFO: [Common 17-1381] The checkpoint 'C:/PXL/devWorks/devWorks2/CAR/MotorcontrolSpeedsensor/MotorcontrolSpeedsensor.runs/design_1_eFPGA_AXI_LM393_driv_0_0_synth_1/design_1_eFPGA_AXI_LM393_driv_0_0.dcp' has been generated.
INFO: [Coretcl 2-1648] Added synthesis output to IP cache for IP design_1_eFPGA_AXI_LM393_driv_0_0, cache-ID = e9e95f8d6286d649
INFO: [Coretcl 2-1174] Renamed 3 cell refs.
Write ShapeDB Complete: Time (s): cpu = 00:00:00 ; elapsed = 00:00:00.001 . Memory (MB): peak = 1629.148 ; gain = 0.000
INFO: [Common 17-1381] The checkpoint 'C:/PXL/devWorks/devWorks2/CAR/MotorcontrolSpeedsensor/MotorcontrolSpeedsensor.runs/design_1_eFPGA_AXI_LM393_driv_0_0_synth_1/design_1_eFPGA_AXI_LM393_driv_0_0.dcp' has been generated.
INFO: [Vivado 12-24828] Executing command : report_utilization -file design_1_eFPGA_AXI_LM393_driv_0_0_utilization_synth.rpt -pb design_1_eFPGA_AXI_LM393_driv_0_0_utilization_synth.pb
INFO: [Common 17-206] Exiting Vivado at Sun Apr 27 13:58:39 2025...
