Copyright 1986-2022 Xilinx, Inc. All Rights Reserved. Copyright 2022-2024 Advanced Micro Devices, Inc. All Rights Reserved.
---------------------------------------------------------------------------------------------------------------------------------------------------------------------------------------------------------------------------------------------------------------
| Tool Version : Vivado v.2024.1 (win64) Build 5076996 Wed May 22 18:37:14 MDT 2024
| Date         : Sat Mar 29 13:11:31 2025
| Host         : LAPTOP-A6RAF713 running 64-bit major release  (build 9200)
| Command      : report_timing_summary -max_paths 10 -report_unconstrained -file eFPGA_AXI_LM393_driver_timing_summary_routed.rpt -pb eFPGA_AXI_LM393_driver_timing_summary_routed.pb -rpx eFPGA_AXI_LM393_driver_timing_summary_routed.rpx -warn_on_violation
| Design       : eFPGA_AXI_LM393_driver
| Device       : 7z020-clg400
| Speed File   : -1  PRODUCTION 1.12 2019-11-22
| Design State : Routed
---------------------------------------------------------------------------------------------------------------------------------------------------------------------------------------------------------------------------------------------------------------

Timing Summary Report

------------------------------------------------------------------------------------------------
| Timer Settings
| --------------
------------------------------------------------------------------------------------------------

  Enable Multi Corner Analysis               :  Yes
  Enable Pessimism Removal                   :  Yes
  Pessimism Removal Resolution               :  Nearest Common Node
  Enable Input Delay Default Clock           :  No
  Enable Preset / Clear Arcs                 :  No
  Disable Flight Delays                      :  No
  Ignore I/O Paths                           :  No
  Timing Early Launch at Borrowing Latches   :  No
  Borrow Time for Max Delay Exceptions       :  Yes
  Merge Timing Exceptions                    :  Yes
  Inter-SLR Compensation                     :  Conservative

  Corner  Analyze    Analyze    
  Name    Max Paths  Min Paths  
  ------  ---------  ---------  
  Slow    Yes        Yes        
  Fast    Yes        Yes        


------------------------------------------------------------------------------------------------
| Report Methodology
| ------------------
------------------------------------------------------------------------------------------------

Rule       Severity          Description                  Violations  
---------  ----------------  ---------------------------  ----------  
TIMING-17  Critical Warning  Non-clocked sequential cell  176         

Note: This report is based on the most recent report_methodology run and may not be up-to-date. Run report_methodology on the current design for the latest report.



check_timing report

Table of Contents
-----------------
1. checking no_clock (176)
2. checking constant_clock (0)
3. checking pulse_width_clock (0)
4. checking unconstrained_internal_endpoints (382)
5. checking no_input_delay (47)
6. checking no_output_delay (37)
7. checking multiple_clock (0)
8. checking generated_clocks (0)
9. checking loops (0)
10. checking partial_input_delay (0)
11. checking partial_output_delay (0)
12. checking latch_loops (0)

1. checking no_clock (176)
--------------------------
 There are 66 register/latch pins with no clock driven by root clock pin: clk (HIGH)

 There are 110 register/latch pins with no clock driven by root clock pin: s00_axi_aclk (HIGH)


2. checking constant_clock (0)
------------------------------
 There are 0 register/latch pins with constant_clock.


3. checking pulse_width_clock (0)
---------------------------------
 There are 0 register/latch pins which need pulse_width check


4. checking unconstrained_internal_endpoints (382)
--------------------------------------------------
 There are 382 pins that are not constrained for maximum delay. (HIGH)

 There are 0 pins that are not constrained for maximum delay due to constant clock.


5. checking no_input_delay (47)
-------------------------------
 There are 47 input ports with no input delay specified. (HIGH)

 There are 0 input ports with no input delay but user has a false path constraint.


6. checking no_output_delay (37)
--------------------------------
 There are 37 ports with no output delay specified. (HIGH)

 There are 0 ports with no output delay but user has a false path constraint

 There are 0 ports with no output delay but with a timing clock defined on it or propagating through it


7. checking multiple_clock (0)
------------------------------
 There are 0 register/latch pins with multiple clocks.


8. checking generated_clocks (0)
--------------------------------
 There are 0 generated clocks that are not connected to a clock source.


9. checking loops (0)
---------------------
 There are 0 combinational loops in the design.


10. checking partial_input_delay (0)
------------------------------------
 There are 0 input ports with partial input delay specified.


11. checking partial_output_delay (0)
-------------------------------------
 There are 0 ports with partial output delay specified.


12. checking latch_loops (0)
----------------------------
 There are 0 combinational latch loops in the design through latch input



------------------------------------------------------------------------------------------------
| Design Timing Summary
| ---------------------
------------------------------------------------------------------------------------------------

    WNS(ns)      TNS(ns)  TNS Failing Endpoints  TNS Total Endpoints      WHS(ns)      THS(ns)  THS Failing Endpoints  THS Total Endpoints     WPWS(ns)     TPWS(ns)  TPWS Failing Endpoints  TPWS Total Endpoints  
    -------      -------  ---------------------  -------------------      -------      -------  ---------------------  -------------------     --------     --------  ----------------------  --------------------  
        inf        0.000                      0                  419          inf        0.000                      0                  419           NA           NA                      NA                    NA  


There are no user specified timing constraints.


------------------------------------------------------------------------------------------------
| Clock Summary
| -------------
------------------------------------------------------------------------------------------------


------------------------------------------------------------------------------------------------
| Intra Clock Table
| -----------------
------------------------------------------------------------------------------------------------

Clock             WNS(ns)      TNS(ns)  TNS Failing Endpoints  TNS Total Endpoints      WHS(ns)      THS(ns)  THS Failing Endpoints  THS Total Endpoints     WPWS(ns)     TPWS(ns)  TPWS Failing Endpoints  TPWS Total Endpoints  
-----             -------      -------  ---------------------  -------------------      -------      -------  ---------------------  -------------------     --------     --------  ----------------------  --------------------  


------------------------------------------------------------------------------------------------
| Inter Clock Table
| -----------------
------------------------------------------------------------------------------------------------

From Clock    To Clock          WNS(ns)      TNS(ns)  TNS Failing Endpoints  TNS Total Endpoints      WHS(ns)      THS(ns)  THS Failing Endpoints  THS Total Endpoints  
----------    --------          -------      -------  ---------------------  -------------------      -------      -------  ---------------------  -------------------  


------------------------------------------------------------------------------------------------
| Other Path Groups Table
| -----------------------
------------------------------------------------------------------------------------------------

Path Group    From Clock    To Clock          WNS(ns)      TNS(ns)  TNS Failing Endpoints  TNS Total Endpoints      WHS(ns)      THS(ns)  THS Failing Endpoints  THS Total Endpoints  
----------    ----------    --------          -------      -------  ---------------------  -------------------      -------      -------  ---------------------  -------------------  


------------------------------------------------------------------------------------------------
| User Ignored Path Table
| -----------------------
------------------------------------------------------------------------------------------------

Path Group    From Clock    To Clock    
----------    ----------    --------    


------------------------------------------------------------------------------------------------
| Unconstrained Path Table
| ------------------------
------------------------------------------------------------------------------------------------

Path Group    From Clock    To Clock    
----------    ----------    --------    
(none)                                    


------------------------------------------------------------------------------------------------
| Timing Details
| --------------
------------------------------------------------------------------------------------------------


--------------------------------------------------------------------------------------
Path Group:  (none)
From Clock:  
  To Clock:  

Max Delay           419 Endpoints
Min Delay           419 Endpoints
--------------------------------------------------------------------------------------


Max Delay Paths
--------------------------------------------------------------------------------------
Slack:                    inf
  Source:                 s00_axi_wstrb[3]
                            (input port)
  Destination:            eFPGA_AXI_LM393_driver_slave_lite_v1_0_S00_AXI_inst/slv_reg3_reg[27]/CE
  Path Group:             (none)
  Path Type:              Max at Slow Process Corner
  Data Path Delay:        9.396ns  (logic 1.116ns (11.874%)  route 8.281ns (88.126%))
  Logic Levels:           2  (IBUF=1 LUT5=1)

    Location             Delay type                Incr(ns)  Path(ns)    Netlist Resource(s)
  -------------------------------------------------------------------    -------------------
    V11                                               0.000     0.000 r  s00_axi_wstrb[3] (IN)
                         net (fo=0)                   0.000     0.000    s00_axi_wstrb[3]
    V11                  IBUF (Prop_ibuf_I_O)         0.992     0.992 r  s00_axi_wstrb_IBUF[3]_inst/O
                         net (fo=3, routed)           7.362     8.353    eFPGA_AXI_LM393_driver_slave_lite_v1_0_S00_AXI_inst/s00_axi_wstrb_IBUF[3]
    SLICE_X109Y85        LUT5 (Prop_lut5_I3_O)        0.124     8.477 r  eFPGA_AXI_LM393_driver_slave_lite_v1_0_S00_AXI_inst/slv_reg3[31]_i_1/O
                         net (fo=8, routed)           0.919     9.396    eFPGA_AXI_LM393_driver_slave_lite_v1_0_S00_AXI_inst/p_0_in[31]
    SLICE_X113Y88        FDRE                                         r  eFPGA_AXI_LM393_driver_slave_lite_v1_0_S00_AXI_inst/slv_reg3_reg[27]/CE
  -------------------------------------------------------------------    -------------------

Slack:                    inf
  Source:                 s00_axi_wstrb[3]
                            (input port)
  Destination:            eFPGA_AXI_LM393_driver_slave_lite_v1_0_S00_AXI_inst/slv_reg3_reg[29]/CE
  Path Group:             (none)
  Path Type:              Max at Slow Process Corner
  Data Path Delay:        9.396ns  (logic 1.116ns (11.874%)  route 8.281ns (88.126%))
  Logic Levels:           2  (IBUF=1 LUT5=1)

    Location             Delay type                Incr(ns)  Path(ns)    Netlist Resource(s)
  -------------------------------------------------------------------    -------------------
    V11                                               0.000     0.000 r  s00_axi_wstrb[3] (IN)
                         net (fo=0)                   0.000     0.000    s00_axi_wstrb[3]
    V11                  IBUF (Prop_ibuf_I_O)         0.992     0.992 r  s00_axi_wstrb_IBUF[3]_inst/O
                         net (fo=3, routed)           7.362     8.353    eFPGA_AXI_LM393_driver_slave_lite_v1_0_S00_AXI_inst/s00_axi_wstrb_IBUF[3]
    SLICE_X109Y85        LUT5 (Prop_lut5_I3_O)        0.124     8.477 r  eFPGA_AXI_LM393_driver_slave_lite_v1_0_S00_AXI_inst/slv_reg3[31]_i_1/O
                         net (fo=8, routed)           0.919     9.396    eFPGA_AXI_LM393_driver_slave_lite_v1_0_S00_AXI_inst/p_0_in[31]
    SLICE_X113Y88        FDRE                                         r  eFPGA_AXI_LM393_driver_slave_lite_v1_0_S00_AXI_inst/slv_reg3_reg[29]/CE
  -------------------------------------------------------------------    -------------------

Slack:                    inf
  Source:                 s00_axi_wstrb[3]
                            (input port)
  Destination:            eFPGA_AXI_LM393_driver_slave_lite_v1_0_S00_AXI_inst/slv_reg3_reg[24]/CE
  Path Group:             (none)
  Path Type:              Max at Slow Process Corner
  Data Path Delay:        9.265ns  (logic 1.116ns (12.042%)  route 8.149ns (87.958%))
  Logic Levels:           2  (IBUF=1 LUT5=1)

    Location             Delay type                Incr(ns)  Path(ns)    Netlist Resource(s)
  -------------------------------------------------------------------    -------------------
    V11                                               0.000     0.000 r  s00_axi_wstrb[3] (IN)
                         net (fo=0)                   0.000     0.000    s00_axi_wstrb[3]
    V11                  IBUF (Prop_ibuf_I_O)         0.992     0.992 r  s00_axi_wstrb_IBUF[3]_inst/O
                         net (fo=3, routed)           7.362     8.353    eFPGA_AXI_LM393_driver_slave_lite_v1_0_S00_AXI_inst/s00_axi_wstrb_IBUF[3]
    SLICE_X109Y85        LUT5 (Prop_lut5_I3_O)        0.124     8.477 r  eFPGA_AXI_LM393_driver_slave_lite_v1_0_S00_AXI_inst/slv_reg3[31]_i_1/O
                         net (fo=8, routed)           0.787     9.265    eFPGA_AXI_LM393_driver_slave_lite_v1_0_S00_AXI_inst/p_0_in[31]
    SLICE_X110Y87        FDRE                                         r  eFPGA_AXI_LM393_driver_slave_lite_v1_0_S00_AXI_inst/slv_reg3_reg[24]/CE
  -------------------------------------------------------------------    -------------------

Slack:                    inf
  Source:                 s00_axi_wstrb[3]
                            (input port)
  Destination:            eFPGA_AXI_LM393_driver_slave_lite_v1_0_S00_AXI_inst/slv_reg3_reg[25]/CE
  Path Group:             (none)
  Path Type:              Max at Slow Process Corner
  Data Path Delay:        9.265ns  (logic 1.116ns (12.042%)  route 8.149ns (87.958%))
  Logic Levels:           2  (IBUF=1 LUT5=1)

    Location             Delay type                Incr(ns)  Path(ns)    Netlist Resource(s)
  -------------------------------------------------------------------    -------------------
    V11                                               0.000     0.000 r  s00_axi_wstrb[3] (IN)
                         net (fo=0)                   0.000     0.000    s00_axi_wstrb[3]
    V11                  IBUF (Prop_ibuf_I_O)         0.992     0.992 r  s00_axi_wstrb_IBUF[3]_inst/O
                         net (fo=3, routed)           7.362     8.353    eFPGA_AXI_LM393_driver_slave_lite_v1_0_S00_AXI_inst/s00_axi_wstrb_IBUF[3]
    SLICE_X109Y85        LUT5 (Prop_lut5_I3_O)        0.124     8.477 r  eFPGA_AXI_LM393_driver_slave_lite_v1_0_S00_AXI_inst/slv_reg3[31]_i_1/O
                         net (fo=8, routed)           0.787     9.265    eFPGA_AXI_LM393_driver_slave_lite_v1_0_S00_AXI_inst/p_0_in[31]
    SLICE_X110Y87        FDRE                                         r  eFPGA_AXI_LM393_driver_slave_lite_v1_0_S00_AXI_inst/slv_reg3_reg[25]/CE
  -------------------------------------------------------------------    -------------------

Slack:                    inf
  Source:                 s00_axi_wstrb[3]
                            (input port)
  Destination:            eFPGA_AXI_LM393_driver_slave_lite_v1_0_S00_AXI_inst/slv_reg3_reg[30]/CE
  Path Group:             (none)
  Path Type:              Max at Slow Process Corner
  Data Path Delay:        9.115ns  (logic 1.116ns (12.239%)  route 8.000ns (87.761%))
  Logic Levels:           2  (IBUF=1 LUT5=1)

    Location             Delay type                Incr(ns)  Path(ns)    Netlist Resource(s)
  -------------------------------------------------------------------    -------------------
    V11                                               0.000     0.000 r  s00_axi_wstrb[3] (IN)
                         net (fo=0)                   0.000     0.000    s00_axi_wstrb[3]
    V11                  IBUF (Prop_ibuf_I_O)         0.992     0.992 r  s00_axi_wstrb_IBUF[3]_inst/O
                         net (fo=3, routed)           7.362     8.353    eFPGA_AXI_LM393_driver_slave_lite_v1_0_S00_AXI_inst/s00_axi_wstrb_IBUF[3]
    SLICE_X109Y85        LUT5 (Prop_lut5_I3_O)        0.124     8.477 r  eFPGA_AXI_LM393_driver_slave_lite_v1_0_S00_AXI_inst/slv_reg3[31]_i_1/O
                         net (fo=8, routed)           0.638     9.115    eFPGA_AXI_LM393_driver_slave_lite_v1_0_S00_AXI_inst/p_0_in[31]
    SLICE_X112Y86        FDRE                                         r  eFPGA_AXI_LM393_driver_slave_lite_v1_0_S00_AXI_inst/slv_reg3_reg[30]/CE
  -------------------------------------------------------------------    -------------------

Slack:                    inf
  Source:                 s00_axi_wstrb[3]
                            (input port)
  Destination:            eFPGA_AXI_LM393_driver_slave_lite_v1_0_S00_AXI_inst/slv_reg3_reg[31]/CE
  Path Group:             (none)
  Path Type:              Max at Slow Process Corner
  Data Path Delay:        9.115ns  (logic 1.116ns (12.239%)  route 8.000ns (87.761%))
  Logic Levels:           2  (IBUF=1 LUT5=1)

    Location             Delay type                Incr(ns)  Path(ns)    Netlist Resource(s)
  -------------------------------------------------------------------    -------------------
    V11                                               0.000     0.000 r  s00_axi_wstrb[3] (IN)
                         net (fo=0)                   0.000     0.000    s00_axi_wstrb[3]
    V11                  IBUF (Prop_ibuf_I_O)         0.992     0.992 r  s00_axi_wstrb_IBUF[3]_inst/O
                         net (fo=3, routed)           7.362     8.353    eFPGA_AXI_LM393_driver_slave_lite_v1_0_S00_AXI_inst/s00_axi_wstrb_IBUF[3]
    SLICE_X109Y85        LUT5 (Prop_lut5_I3_O)        0.124     8.477 r  eFPGA_AXI_LM393_driver_slave_lite_v1_0_S00_AXI_inst/slv_reg3[31]_i_1/O
                         net (fo=8, routed)           0.638     9.115    eFPGA_AXI_LM393_driver_slave_lite_v1_0_S00_AXI_inst/p_0_in[31]
    SLICE_X112Y86        FDRE                                         r  eFPGA_AXI_LM393_driver_slave_lite_v1_0_S00_AXI_inst/slv_reg3_reg[31]/CE
  -------------------------------------------------------------------    -------------------

Slack:                    inf
  Source:                 s00_axi_wstrb[0]
                            (input port)
  Destination:            eFPGA_AXI_LM393_driver_slave_lite_v1_0_S00_AXI_inst/slv_reg3_reg[4]/CE
  Path Group:             (none)
  Path Type:              Max at Slow Process Corner
  Data Path Delay:        9.030ns  (logic 1.080ns (11.958%)  route 7.950ns (88.042%))
  Logic Levels:           2  (IBUF=1 LUT5=1)

    Location             Delay type                Incr(ns)  Path(ns)    Netlist Resource(s)
  -------------------------------------------------------------------    -------------------
    W6                                                0.000     0.000 r  s00_axi_wstrb[0] (IN)
                         net (fo=0)                   0.000     0.000    s00_axi_wstrb[0]
    W6                   IBUF (Prop_ibuf_I_O)         0.956     0.956 r  s00_axi_wstrb_IBUF[0]_inst/O
                         net (fo=3, routed)           7.070     8.026    eFPGA_AXI_LM393_driver_slave_lite_v1_0_S00_AXI_inst/s00_axi_wstrb_IBUF[0]
    SLICE_X108Y82        LUT5 (Prop_lut5_I3_O)        0.124     8.150 r  eFPGA_AXI_LM393_driver_slave_lite_v1_0_S00_AXI_inst/slv_reg3[7]_i_1/O
                         net (fo=8, routed)           0.880     9.030    eFPGA_AXI_LM393_driver_slave_lite_v1_0_S00_AXI_inst/p_0_in[7]
    SLICE_X113Y79        FDRE                                         r  eFPGA_AXI_LM393_driver_slave_lite_v1_0_S00_AXI_inst/slv_reg3_reg[4]/CE
  -------------------------------------------------------------------    -------------------

Slack:                    inf
  Source:                 s00_axi_wstrb[0]
                            (input port)
  Destination:            eFPGA_AXI_LM393_driver_slave_lite_v1_0_S00_AXI_inst/slv_reg3_reg[7]/CE
  Path Group:             (none)
  Path Type:              Max at Slow Process Corner
  Data Path Delay:        9.030ns  (logic 1.080ns (11.958%)  route 7.950ns (88.042%))
  Logic Levels:           2  (IBUF=1 LUT5=1)

    Location             Delay type                Incr(ns)  Path(ns)    Netlist Resource(s)
  -------------------------------------------------------------------    -------------------
    W6                                                0.000     0.000 r  s00_axi_wstrb[0] (IN)
                         net (fo=0)                   0.000     0.000    s00_axi_wstrb[0]
    W6                   IBUF (Prop_ibuf_I_O)         0.956     0.956 r  s00_axi_wstrb_IBUF[0]_inst/O
                         net (fo=3, routed)           7.070     8.026    eFPGA_AXI_LM393_driver_slave_lite_v1_0_S00_AXI_inst/s00_axi_wstrb_IBUF[0]
    SLICE_X108Y82        LUT5 (Prop_lut5_I3_O)        0.124     8.150 r  eFPGA_AXI_LM393_driver_slave_lite_v1_0_S00_AXI_inst/slv_reg3[7]_i_1/O
                         net (fo=8, routed)           0.880     9.030    eFPGA_AXI_LM393_driver_slave_lite_v1_0_S00_AXI_inst/p_0_in[7]
    SLICE_X113Y79        FDRE                                         r  eFPGA_AXI_LM393_driver_slave_lite_v1_0_S00_AXI_inst/slv_reg3_reg[7]/CE
  -------------------------------------------------------------------    -------------------

Slack:                    inf
  Source:                 s00_axi_wstrb[0]
                            (input port)
  Destination:            eFPGA_AXI_LM393_driver_slave_lite_v1_0_S00_AXI_inst/slv_reg3_reg[6]/CE
  Path Group:             (none)
  Path Type:              Max at Slow Process Corner
  Data Path Delay:        8.899ns  (logic 1.080ns (12.134%)  route 7.819ns (87.866%))
  Logic Levels:           2  (IBUF=1 LUT5=1)

    Location             Delay type                Incr(ns)  Path(ns)    Netlist Resource(s)
  -------------------------------------------------------------------    -------------------
    W6                                                0.000     0.000 r  s00_axi_wstrb[0] (IN)
                         net (fo=0)                   0.000     0.000    s00_axi_wstrb[0]
    W6                   IBUF (Prop_ibuf_I_O)         0.956     0.956 r  s00_axi_wstrb_IBUF[0]_inst/O
                         net (fo=3, routed)           7.070     8.026    eFPGA_AXI_LM393_driver_slave_lite_v1_0_S00_AXI_inst/s00_axi_wstrb_IBUF[0]
    SLICE_X108Y82        LUT5 (Prop_lut5_I3_O)        0.124     8.150 r  eFPGA_AXI_LM393_driver_slave_lite_v1_0_S00_AXI_inst/slv_reg3[7]_i_1/O
                         net (fo=8, routed)           0.749     8.899    eFPGA_AXI_LM393_driver_slave_lite_v1_0_S00_AXI_inst/p_0_in[7]
    SLICE_X109Y80        FDRE                                         r  eFPGA_AXI_LM393_driver_slave_lite_v1_0_S00_AXI_inst/slv_reg3_reg[6]/CE
  -------------------------------------------------------------------    -------------------

Slack:                    inf
  Source:                 s00_axi_wstrb[3]
                            (input port)
  Destination:            eFPGA_AXI_LM393_driver_slave_lite_v1_0_S00_AXI_inst/slv_reg3_reg[26]/CE
  Path Group:             (none)
  Path Type:              Max at Slow Process Corner
  Data Path Delay:        8.824ns  (logic 1.116ns (12.644%)  route 7.708ns (87.356%))
  Logic Levels:           2  (IBUF=1 LUT5=1)

    Location             Delay type                Incr(ns)  Path(ns)    Netlist Resource(s)
  -------------------------------------------------------------------    -------------------
    V11                                               0.000     0.000 r  s00_axi_wstrb[3] (IN)
                         net (fo=0)                   0.000     0.000    s00_axi_wstrb[3]
    V11                  IBUF (Prop_ibuf_I_O)         0.992     0.992 r  s00_axi_wstrb_IBUF[3]_inst/O
                         net (fo=3, routed)           7.362     8.353    eFPGA_AXI_LM393_driver_slave_lite_v1_0_S00_AXI_inst/s00_axi_wstrb_IBUF[3]
    SLICE_X109Y85        LUT5 (Prop_lut5_I3_O)        0.124     8.477 r  eFPGA_AXI_LM393_driver_slave_lite_v1_0_S00_AXI_inst/slv_reg3[31]_i_1/O
                         net (fo=8, routed)           0.347     8.824    eFPGA_AXI_LM393_driver_slave_lite_v1_0_S00_AXI_inst/p_0_in[31]
    SLICE_X111Y85        FDRE                                         r  eFPGA_AXI_LM393_driver_slave_lite_v1_0_S00_AXI_inst/slv_reg3_reg[26]/CE
  -------------------------------------------------------------------    -------------------





Min Delay Paths
--------------------------------------------------------------------------------------
Slack:                    inf
  Source:                 eFPGA_AXI_LM393_driver_slave_lite_v1_0_S00_AXI_inst/speedsensor_instance/counter_reg[10]/C
                            (rising edge-triggered cell FDRE)
  Destination:            eFPGA_AXI_LM393_driver_slave_lite_v1_0_S00_AXI_inst/speedsensor_instance/result_reg[10]/D
  Path Group:             (none)
  Path Type:              Min at Fast Process Corner
  Data Path Delay:        0.250ns  (logic 0.141ns (56.418%)  route 0.109ns (43.582%))
  Logic Levels:           1  (FDRE=1)

    Location             Delay type                Incr(ns)  Path(ns)    Netlist Resource(s)
  -------------------------------------------------------------------    -------------------
    SLICE_X106Y84        FDRE                         0.000     0.000 r  eFPGA_AXI_LM393_driver_slave_lite_v1_0_S00_AXI_inst/speedsensor_instance/counter_reg[10]/C
    SLICE_X106Y84        FDRE (Prop_fdre_C_Q)         0.141     0.141 r  eFPGA_AXI_LM393_driver_slave_lite_v1_0_S00_AXI_inst/speedsensor_instance/counter_reg[10]/Q
                         net (fo=3, routed)           0.109     0.250    eFPGA_AXI_LM393_driver_slave_lite_v1_0_S00_AXI_inst/speedsensor_instance/counter[10]
    SLICE_X107Y84        FDRE                                         r  eFPGA_AXI_LM393_driver_slave_lite_v1_0_S00_AXI_inst/speedsensor_instance/result_reg[10]/D
  -------------------------------------------------------------------    -------------------

Slack:                    inf
  Source:                 eFPGA_AXI_LM393_driver_slave_lite_v1_0_S00_AXI_inst/speedsensor_instance/counter_reg[3]/C
                            (rising edge-triggered cell FDRE)
  Destination:            eFPGA_AXI_LM393_driver_slave_lite_v1_0_S00_AXI_inst/speedsensor_instance/result_reg[3]/D
  Path Group:             (none)
  Path Type:              Min at Fast Process Corner
  Data Path Delay:        0.256ns  (logic 0.128ns (49.997%)  route 0.128ns (50.003%))
  Logic Levels:           1  (FDRE=1)

    Location             Delay type                Incr(ns)  Path(ns)    Netlist Resource(s)
  -------------------------------------------------------------------    -------------------
    SLICE_X106Y82        FDRE                         0.000     0.000 r  eFPGA_AXI_LM393_driver_slave_lite_v1_0_S00_AXI_inst/speedsensor_instance/counter_reg[3]/C
    SLICE_X106Y82        FDRE (Prop_fdre_C_Q)         0.128     0.128 r  eFPGA_AXI_LM393_driver_slave_lite_v1_0_S00_AXI_inst/speedsensor_instance/counter_reg[3]/Q
                         net (fo=3, routed)           0.128     0.256    eFPGA_AXI_LM393_driver_slave_lite_v1_0_S00_AXI_inst/speedsensor_instance/counter[3]
    SLICE_X107Y82        FDRE                                         r  eFPGA_AXI_LM393_driver_slave_lite_v1_0_S00_AXI_inst/speedsensor_instance/result_reg[3]/D
  -------------------------------------------------------------------    -------------------

Slack:                    inf
  Source:                 eFPGA_AXI_LM393_driver_slave_lite_v1_0_S00_AXI_inst/speedsensor_instance/counter_reg[6]/C
                            (rising edge-triggered cell FDRE)
  Destination:            eFPGA_AXI_LM393_driver_slave_lite_v1_0_S00_AXI_inst/speedsensor_instance/result_reg[6]/D
  Path Group:             (none)
  Path Type:              Min at Fast Process Corner
  Data Path Delay:        0.259ns  (logic 0.141ns (54.468%)  route 0.118ns (45.532%))
  Logic Levels:           1  (FDRE=1)

    Location             Delay type                Incr(ns)  Path(ns)    Netlist Resource(s)
  -------------------------------------------------------------------    -------------------
    SLICE_X106Y84        FDRE                         0.000     0.000 r  eFPGA_AXI_LM393_driver_slave_lite_v1_0_S00_AXI_inst/speedsensor_instance/counter_reg[6]/C
    SLICE_X106Y84        FDRE (Prop_fdre_C_Q)         0.141     0.141 r  eFPGA_AXI_LM393_driver_slave_lite_v1_0_S00_AXI_inst/speedsensor_instance/counter_reg[6]/Q
                         net (fo=3, routed)           0.118     0.259    eFPGA_AXI_LM393_driver_slave_lite_v1_0_S00_AXI_inst/speedsensor_instance/counter[6]
    SLICE_X107Y83        FDRE                                         r  eFPGA_AXI_LM393_driver_slave_lite_v1_0_S00_AXI_inst/speedsensor_instance/result_reg[6]/D
  -------------------------------------------------------------------    -------------------

Slack:                    inf
  Source:                 eFPGA_AXI_LM393_driver_slave_lite_v1_0_S00_AXI_inst/speedsensor_instance/counter_reg[0]/C
                            (rising edge-triggered cell FDRE)
  Destination:            eFPGA_AXI_LM393_driver_slave_lite_v1_0_S00_AXI_inst/speedsensor_instance/result_reg[0]/D
  Path Group:             (none)
  Path Type:              Min at Fast Process Corner
  Data Path Delay:        0.266ns  (logic 0.141ns (52.990%)  route 0.125ns (47.010%))
  Logic Levels:           1  (FDRE=1)

    Location             Delay type                Incr(ns)  Path(ns)    Netlist Resource(s)
  -------------------------------------------------------------------    -------------------
    SLICE_X106Y82        FDRE                         0.000     0.000 r  eFPGA_AXI_LM393_driver_slave_lite_v1_0_S00_AXI_inst/speedsensor_instance/counter_reg[0]/C
    SLICE_X106Y82        FDRE (Prop_fdre_C_Q)         0.141     0.141 r  eFPGA_AXI_LM393_driver_slave_lite_v1_0_S00_AXI_inst/speedsensor_instance/counter_reg[0]/Q
                         net (fo=4, routed)           0.125     0.266    eFPGA_AXI_LM393_driver_slave_lite_v1_0_S00_AXI_inst/speedsensor_instance/counter[0]
    SLICE_X109Y83        FDRE                                         r  eFPGA_AXI_LM393_driver_slave_lite_v1_0_S00_AXI_inst/speedsensor_instance/result_reg[0]/D
  -------------------------------------------------------------------    -------------------

Slack:                    inf
  Source:                 eFPGA_AXI_LM393_driver_slave_lite_v1_0_S00_AXI_inst/speedsensor_instance/counter_reg[5]/C
                            (rising edge-triggered cell FDRE)
  Destination:            eFPGA_AXI_LM393_driver_slave_lite_v1_0_S00_AXI_inst/speedsensor_instance/result_reg[5]/D
  Path Group:             (none)
  Path Type:              Min at Fast Process Corner
  Data Path Delay:        0.273ns  (logic 0.128ns (46.865%)  route 0.145ns (53.135%))
  Logic Levels:           1  (FDRE=1)

    Location             Delay type                Incr(ns)  Path(ns)    Netlist Resource(s)
  -------------------------------------------------------------------    -------------------
    SLICE_X106Y82        FDRE                         0.000     0.000 r  eFPGA_AXI_LM393_driver_slave_lite_v1_0_S00_AXI_inst/speedsensor_instance/counter_reg[5]/C
    SLICE_X106Y82        FDRE (Prop_fdre_C_Q)         0.128     0.128 r  eFPGA_AXI_LM393_driver_slave_lite_v1_0_S00_AXI_inst/speedsensor_instance/counter_reg[5]/Q
                         net (fo=3, routed)           0.145     0.273    eFPGA_AXI_LM393_driver_slave_lite_v1_0_S00_AXI_inst/speedsensor_instance/counter[5]
    SLICE_X107Y81        FDRE                                         r  eFPGA_AXI_LM393_driver_slave_lite_v1_0_S00_AXI_inst/speedsensor_instance/result_reg[5]/D
  -------------------------------------------------------------------    -------------------

Slack:                    inf
  Source:                 eFPGA_AXI_LM393_driver_slave_lite_v1_0_S00_AXI_inst/speedsensor_instance/signal_reg_reg/C
                            (rising edge-triggered cell FDRE)
  Destination:            eFPGA_AXI_LM393_driver_slave_lite_v1_0_S00_AXI_inst/speedsensor_instance/counting_reg/D
  Path Group:             (none)
  Path Type:              Min at Fast Process Corner
  Data Path Delay:        0.298ns  (logic 0.186ns (62.406%)  route 0.112ns (37.594%))
  Logic Levels:           2  (FDRE=1 LUT6=1)

    Location             Delay type                Incr(ns)  Path(ns)    Netlist Resource(s)
  -------------------------------------------------------------------    -------------------
    SLICE_X107Y87        FDRE                         0.000     0.000 r  eFPGA_AXI_LM393_driver_slave_lite_v1_0_S00_AXI_inst/speedsensor_instance/signal_reg_reg/C
    SLICE_X107Y87        FDRE (Prop_fdre_C_Q)         0.141     0.141 f  eFPGA_AXI_LM393_driver_slave_lite_v1_0_S00_AXI_inst/speedsensor_instance/signal_reg_reg/Q
                         net (fo=3, routed)           0.112     0.253    eFPGA_AXI_LM393_driver_slave_lite_v1_0_S00_AXI_inst/speedsensor_instance/signal_reg
    SLICE_X108Y87        LUT6 (Prop_lut6_I0_O)        0.045     0.298 r  eFPGA_AXI_LM393_driver_slave_lite_v1_0_S00_AXI_inst/speedsensor_instance/counting_i_1/O
                         net (fo=1, routed)           0.000     0.298    eFPGA_AXI_LM393_driver_slave_lite_v1_0_S00_AXI_inst/speedsensor_instance/counting_i_1_n_0
    SLICE_X108Y87        FDRE                                         r  eFPGA_AXI_LM393_driver_slave_lite_v1_0_S00_AXI_inst/speedsensor_instance/counting_reg/D
  -------------------------------------------------------------------    -------------------

Slack:                    inf
  Source:                 eFPGA_AXI_LM393_driver_slave_lite_v1_0_S00_AXI_inst/FSM_onehot_state_write_reg[0]/C
                            (rising edge-triggered cell FDSE)
  Destination:            eFPGA_AXI_LM393_driver_slave_lite_v1_0_S00_AXI_inst/axi_wready_reg/CE
  Path Group:             (none)
  Path Type:              Min at Fast Process Corner
  Data Path Delay:        0.306ns  (logic 0.148ns (48.431%)  route 0.158ns (51.569%))
  Logic Levels:           1  (FDSE=1)

    Location             Delay type                Incr(ns)  Path(ns)    Netlist Resource(s)
  -------------------------------------------------------------------    -------------------
    SLICE_X112Y92        FDSE                         0.000     0.000 r  eFPGA_AXI_LM393_driver_slave_lite_v1_0_S00_AXI_inst/FSM_onehot_state_write_reg[0]/C
    SLICE_X112Y92        FDSE (Prop_fdse_C_Q)         0.148     0.148 r  eFPGA_AXI_LM393_driver_slave_lite_v1_0_S00_AXI_inst/FSM_onehot_state_write_reg[0]/Q
                         net (fo=5, routed)           0.158     0.306    eFPGA_AXI_LM393_driver_slave_lite_v1_0_S00_AXI_inst/axi_wready
    SLICE_X113Y92        FDRE                                         r  eFPGA_AXI_LM393_driver_slave_lite_v1_0_S00_AXI_inst/axi_wready_reg/CE
  -------------------------------------------------------------------    -------------------

Slack:                    inf
  Source:                 eFPGA_AXI_LM393_driver_slave_lite_v1_0_S00_AXI_inst/FSM_onehot_state_write_reg[0]/C
                            (rising edge-triggered cell FDSE)
  Destination:            eFPGA_AXI_LM393_driver_slave_lite_v1_0_S00_AXI_inst/axi_wready_reg/D
  Path Group:             (none)
  Path Type:              Min at Fast Process Corner
  Data Path Delay:        0.306ns  (logic 0.148ns (48.431%)  route 0.158ns (51.569%))
  Logic Levels:           1  (FDSE=1)

    Location             Delay type                Incr(ns)  Path(ns)    Netlist Resource(s)
  -------------------------------------------------------------------    -------------------
    SLICE_X112Y92        FDSE                         0.000     0.000 r  eFPGA_AXI_LM393_driver_slave_lite_v1_0_S00_AXI_inst/FSM_onehot_state_write_reg[0]/C
    SLICE_X112Y92        FDSE (Prop_fdse_C_Q)         0.148     0.148 r  eFPGA_AXI_LM393_driver_slave_lite_v1_0_S00_AXI_inst/FSM_onehot_state_write_reg[0]/Q
                         net (fo=5, routed)           0.158     0.306    eFPGA_AXI_LM393_driver_slave_lite_v1_0_S00_AXI_inst/axi_wready
    SLICE_X113Y92        FDRE                                         r  eFPGA_AXI_LM393_driver_slave_lite_v1_0_S00_AXI_inst/axi_wready_reg/D
  -------------------------------------------------------------------    -------------------

Slack:                    inf
  Source:                 eFPGA_AXI_LM393_driver_slave_lite_v1_0_S00_AXI_inst/speedsensor_instance/counter_reg[2]/C
                            (rising edge-triggered cell FDRE)
  Destination:            eFPGA_AXI_LM393_driver_slave_lite_v1_0_S00_AXI_inst/speedsensor_instance/result_reg[2]/D
  Path Group:             (none)
  Path Type:              Min at Fast Process Corner
  Data Path Delay:        0.308ns  (logic 0.141ns (45.784%)  route 0.167ns (54.216%))
  Logic Levels:           1  (FDRE=1)

    Location             Delay type                Incr(ns)  Path(ns)    Netlist Resource(s)
  -------------------------------------------------------------------    -------------------
    SLICE_X106Y82        FDRE                         0.000     0.000 r  eFPGA_AXI_LM393_driver_slave_lite_v1_0_S00_AXI_inst/speedsensor_instance/counter_reg[2]/C
    SLICE_X106Y82        FDRE (Prop_fdre_C_Q)         0.141     0.141 r  eFPGA_AXI_LM393_driver_slave_lite_v1_0_S00_AXI_inst/speedsensor_instance/counter_reg[2]/Q
                         net (fo=3, routed)           0.167     0.308    eFPGA_AXI_LM393_driver_slave_lite_v1_0_S00_AXI_inst/speedsensor_instance/counter[2]
    SLICE_X107Y81        FDRE                                         r  eFPGA_AXI_LM393_driver_slave_lite_v1_0_S00_AXI_inst/speedsensor_instance/result_reg[2]/D
  -------------------------------------------------------------------    -------------------

Slack:                    inf
  Source:                 eFPGA_AXI_LM393_driver_slave_lite_v1_0_S00_AXI_inst/speedsensor_instance/counter_reg[31]/C
                            (rising edge-triggered cell FDRE)
  Destination:            eFPGA_AXI_LM393_driver_slave_lite_v1_0_S00_AXI_inst/speedsensor_instance/result_reg[31]/D
  Path Group:             (none)
  Path Type:              Min at Fast Process Corner
  Data Path Delay:        0.316ns  (logic 0.128ns (40.493%)  route 0.188ns (59.507%))
  Logic Levels:           1  (FDRE=1)

    Location             Delay type                Incr(ns)  Path(ns)    Netlist Resource(s)
  -------------------------------------------------------------------    -------------------
    SLICE_X106Y88        FDRE                         0.000     0.000 r  eFPGA_AXI_LM393_driver_slave_lite_v1_0_S00_AXI_inst/speedsensor_instance/counter_reg[31]/C
    SLICE_X106Y88        FDRE (Prop_fdre_C_Q)         0.128     0.128 r  eFPGA_AXI_LM393_driver_slave_lite_v1_0_S00_AXI_inst/speedsensor_instance/counter_reg[31]/Q
                         net (fo=3, routed)           0.188     0.316    eFPGA_AXI_LM393_driver_slave_lite_v1_0_S00_AXI_inst/speedsensor_instance/counter[31]
    SLICE_X111Y87        FDRE                                         r  eFPGA_AXI_LM393_driver_slave_lite_v1_0_S00_AXI_inst/speedsensor_instance/result_reg[31]/D
  -------------------------------------------------------------------    -------------------





