20:38:24 DEBUG : Logs will be stored at 'C:/ProjectenVivado/SystemOnChip/Car/IMU/vitis/IDE.log'.
20:38:31 INFO  : Registering command handlers for Vitis TCF services
20:38:31 INFO  : Launching XSCT server: xsct.bat -n  -interactive C:\ProjectenVivado\SystemOnChip\Car\IMU\vitis\temp_xsdb_launch_script.tcl
20:38:31 INFO  : Platform repository initialization has completed.
20:38:31 ERROR : (XSDB Server)'\gnu\microblaze\lin\bin\' is not recognized as an internal or external command,
operable program or batch file.

20:38:31 ERROR : (XSDB Server)'\gnu\microblaze\nt\bin\' is not recognized as an internal or external command,
operable program or batch file.

20:38:31 ERROR : (XSDB Server)'\gnuwin\bin\' is not recognized as an internal or external command,
operable program or batch file.

20:38:35 INFO  : XSCT server has started successfully.
20:38:35 INFO  : plnx-install-location is set to ''
20:38:41 INFO  : Successfully done setting XSCT server connection channel  
20:38:41 INFO  : Successfully done query RDI_DATADIR 
20:38:41 INFO  : Successfully done setting workspace for the tool. 
20:39:18 INFO  : Result from executing command 'getProjects': design_1_wrapper
20:39:18 INFO  : Result from executing command 'getPlatforms': 
20:39:18 WARN  : An unexpected exception occurred in the module 'platform project logging'
20:39:18 INFO  : Platform 'design_1_wrapper' is added to custom repositories.
20:39:25 INFO  : Platform 'design_1_wrapper' is added to custom repositories.
20:42:21 INFO  : Result from executing command 'getProjects': design_1_wrapper
20:42:21 INFO  : Result from executing command 'getPlatforms': design_1_wrapper|C:/ProjectenVivado/SystemOnChip/Car/IMU/vitis/design_1_wrapper/export/design_1_wrapper/design_1_wrapper.xpfm
20:44:38 INFO  : Checking for BSP changes to sync application flags for project 'IMU_App'...
20:45:21 INFO  : Checking for BSP changes to sync application flags for project 'IMU_App'...
21:31:57 INFO  : Connected to target on host '127.0.0.1' and port '3121'.
21:31:58 INFO  : Jtag cable 'Xilinx HW-FTDI-TEST FT2232H 1234-tulA' is selected.
21:31:58 INFO  : 'jtag frequency' command is executed.
21:31:58 INFO  : Context for 'APU' is selected.
21:31:58 INFO  : System reset is completed.
21:32:01 INFO  : 'after 3000' command is executed.
21:32:01 INFO  : 'targets -set -filter {jtag_cable_name =~ "Xilinx HW-FTDI-TEST FT2232H 1234-tulA" && level==0 && jtag_device_ctx=="jsn-HW-FTDI-TEST FT2232H-1234-tulA-23727093-0"}' command is executed.
21:32:03 INFO  : Device configured successfully with "C:/ProjectenVivado/SystemOnChip/Car/IMU/vitis/IMU_App/_ide/bitstream/design_1_wrapper.bit"
21:32:03 INFO  : Context for 'APU' is selected.
21:32:03 INFO  : Hardware design and registers information is loaded from 'C:/ProjectenVivado/SystemOnChip/Car/IMU/vitis/design_1_wrapper/export/design_1_wrapper/hw/design_1_wrapper.xsa'.
21:32:03 INFO  : 'configparams force-mem-access 1' command is executed.
21:32:04 INFO  : Context for 'APU' is selected.
21:32:04 INFO  : Sourcing of 'C:/ProjectenVivado/SystemOnChip/Car/IMU/vitis/IMU_App/_ide/psinit/ps7_init.tcl' is done.
21:32:04 INFO  : 'ps7_init' command is executed.
21:32:04 INFO  : 'ps7_post_config' command is executed.
21:32:04 INFO  : Context for processor 'ps7_cortexa9_0' is selected.
21:32:04 INFO  : The application 'C:/ProjectenVivado/SystemOnChip/Car/IMU/vitis/IMU_App/Debug/IMU_App.elf' is downloaded to processor 'ps7_cortexa9_0'.
21:32:04 INFO  : 'configparams force-mem-access 0' command is executed.
21:32:04 INFO  : ----------------XSDB Script----------------
connect -url tcp:127.0.0.1:3121
targets -set -nocase -filter {name =~"APU*"}
rst -system
after 3000
targets -set -filter {jtag_cable_name =~ "Xilinx HW-FTDI-TEST FT2232H 1234-tulA" && level==0 && jtag_device_ctx=="jsn-HW-FTDI-TEST FT2232H-1234-tulA-23727093-0"}
fpga -file C:/ProjectenVivado/SystemOnChip/Car/IMU/vitis/IMU_App/_ide/bitstream/design_1_wrapper.bit
targets -set -nocase -filter {name =~"APU*"}
loadhw -hw C:/ProjectenVivado/SystemOnChip/Car/IMU/vitis/design_1_wrapper/export/design_1_wrapper/hw/design_1_wrapper.xsa -mem-ranges [list {0x40000000 0xbfffffff}] -regs
configparams force-mem-access 1
targets -set -nocase -filter {name =~"APU*"}
source C:/ProjectenVivado/SystemOnChip/Car/IMU/vitis/IMU_App/_ide/psinit/ps7_init.tcl
ps7_init
ps7_post_config
targets -set -nocase -filter {name =~ "*A9*#0"}
dow C:/ProjectenVivado/SystemOnChip/Car/IMU/vitis/IMU_App/Debug/IMU_App.elf
configparams force-mem-access 0
----------------End of Script----------------

21:32:04 INFO  : Context for processor 'ps7_cortexa9_0' is selected.
21:32:04 INFO  : 'con' command is executed.
21:32:04 INFO  : ----------------XSDB Script (After Launch)----------------
targets -set -nocase -filter {name =~ "*A9*#0"}
con
----------------End of Script----------------

21:32:04 INFO  : Launch script is exported to file 'C:\ProjectenVivado\SystemOnChip\Car\IMU\vitis\IMU_App_system\_ide\scripts\debugger_imu_app-default.tcl'
21:33:27 INFO  : Disconnected from the channel tcfchan#2.
21:33:28 INFO  : Connected to target on host '127.0.0.1' and port '3121'.
21:33:28 INFO  : Jtag cable 'Xilinx HW-FTDI-TEST FT2232H 1234-tulA' is selected.
21:33:28 ERROR : port closed
21:33:28 INFO  : ----------------XSDB Script----------------
connect -url tcp:127.0.0.1:3121
----------------End of Script----------------

21:33:28 ERROR : port closed
21:33:39 INFO  : Connected to target on host '127.0.0.1' and port '3121'.
21:33:40 INFO  : Jtag cable 'Xilinx HW-FTDI-TEST FT2232H 1234-tulA' is selected.
21:33:40 INFO  : 'jtag frequency' command is executed.
21:33:40 INFO  : Context for 'APU' is selected.
21:33:40 INFO  : System reset is completed.
21:33:43 INFO  : 'after 3000' command is executed.
21:33:43 INFO  : 'targets -set -filter {jtag_cable_name =~ "Xilinx HW-FTDI-TEST FT2232H 1234-tulA" && level==0 && jtag_device_ctx=="jsn-HW-FTDI-TEST FT2232H-1234-tulA-23727093-0"}' command is executed.
21:33:45 INFO  : Device configured successfully with "C:/ProjectenVivado/SystemOnChip/Car/IMU/vitis/IMU_App/_ide/bitstream/design_1_wrapper.bit"
21:33:45 INFO  : Context for 'APU' is selected.
21:33:45 INFO  : Hardware design and registers information is loaded from 'C:/ProjectenVivado/SystemOnChip/Car/IMU/vitis/design_1_wrapper/export/design_1_wrapper/hw/design_1_wrapper.xsa'.
21:33:45 INFO  : 'configparams force-mem-access 1' command is executed.
21:33:45 INFO  : Context for 'APU' is selected.
21:33:45 INFO  : Sourcing of 'C:/ProjectenVivado/SystemOnChip/Car/IMU/vitis/IMU_App/_ide/psinit/ps7_init.tcl' is done.
21:33:45 INFO  : 'ps7_init' command is executed.
21:33:45 INFO  : 'ps7_post_config' command is executed.
21:33:45 INFO  : Context for processor 'ps7_cortexa9_0' is selected.
21:33:46 INFO  : The application 'C:/ProjectenVivado/SystemOnChip/Car/IMU/vitis/IMU_App/Debug/IMU_App.elf' is downloaded to processor 'ps7_cortexa9_0'.
21:33:46 INFO  : 'configparams force-mem-access 0' command is executed.
21:33:46 INFO  : ----------------XSDB Script----------------
connect -url tcp:127.0.0.1:3121
targets -set -nocase -filter {name =~"APU*"}
rst -system
after 3000
targets -set -filter {jtag_cable_name =~ "Xilinx HW-FTDI-TEST FT2232H 1234-tulA" && level==0 && jtag_device_ctx=="jsn-HW-FTDI-TEST FT2232H-1234-tulA-23727093-0"}
fpga -file C:/ProjectenVivado/SystemOnChip/Car/IMU/vitis/IMU_App/_ide/bitstream/design_1_wrapper.bit
targets -set -nocase -filter {name =~"APU*"}
loadhw -hw C:/ProjectenVivado/SystemOnChip/Car/IMU/vitis/design_1_wrapper/export/design_1_wrapper/hw/design_1_wrapper.xsa -mem-ranges [list {0x40000000 0xbfffffff}] -regs
configparams force-mem-access 1
targets -set -nocase -filter {name =~"APU*"}
source C:/ProjectenVivado/SystemOnChip/Car/IMU/vitis/IMU_App/_ide/psinit/ps7_init.tcl
ps7_init
ps7_post_config
targets -set -nocase -filter {name =~ "*A9*#0"}
dow C:/ProjectenVivado/SystemOnChip/Car/IMU/vitis/IMU_App/Debug/IMU_App.elf
configparams force-mem-access 0
----------------End of Script----------------

21:33:46 INFO  : Context for processor 'ps7_cortexa9_0' is selected.
21:33:46 INFO  : 'con' command is executed.
21:33:46 INFO  : ----------------XSDB Script (After Launch)----------------
targets -set -nocase -filter {name =~ "*A9*#0"}
con
----------------End of Script----------------

21:33:46 INFO  : Launch script is exported to file 'C:\ProjectenVivado\SystemOnChip\Car\IMU\vitis\IMU_App_system\_ide\scripts\debugger_imu_app-default.tcl'
21:36:31 INFO  : Disconnected from the channel tcfchan#3.
21:36:32 INFO  : Connected to target on host '127.0.0.1' and port '3121'.
21:36:34 INFO  : Jtag cable 'Xilinx HW-FTDI-TEST FT2232H 1234-tulA' is selected.
21:36:34 INFO  : 'jtag frequency' command is executed.
21:36:34 INFO  : Context for 'APU' is selected.
21:36:34 INFO  : System reset is completed.
21:36:37 INFO  : 'after 3000' command is executed.
21:36:37 INFO  : 'targets -set -filter {jtag_cable_name =~ "Xilinx HW-FTDI-TEST FT2232H 1234-tulA" && level==0 && jtag_device_ctx=="jsn-HW-FTDI-TEST FT2232H-1234-tulA-23727093-0"}' command is executed.
21:36:40 INFO  : Device configured successfully with "C:/ProjectenVivado/SystemOnChip/Car/IMU/vitis/IMU_App/_ide/bitstream/design_1_wrapper.bit"
21:36:40 INFO  : Context for 'APU' is selected.
21:36:40 INFO  : Hardware design and registers information is loaded from 'C:/ProjectenVivado/SystemOnChip/Car/IMU/vitis/design_1_wrapper/export/design_1_wrapper/hw/design_1_wrapper.xsa'.
21:36:40 INFO  : 'configparams force-mem-access 1' command is executed.
21:36:40 INFO  : Context for 'APU' is selected.
21:36:40 INFO  : Sourcing of 'C:/ProjectenVivado/SystemOnChip/Car/IMU/vitis/IMU_App/_ide/psinit/ps7_init.tcl' is done.
21:36:40 INFO  : 'ps7_init' command is executed.
21:36:40 INFO  : 'ps7_post_config' command is executed.
21:36:40 INFO  : Context for processor 'ps7_cortexa9_0' is selected.
21:36:40 INFO  : The application 'C:/ProjectenVivado/SystemOnChip/Car/IMU/vitis/IMU_App/Debug/IMU_App.elf' is downloaded to processor 'ps7_cortexa9_0'.
21:36:40 INFO  : 'configparams force-mem-access 0' command is executed.
21:36:40 INFO  : ----------------XSDB Script----------------
connect -url tcp:127.0.0.1:3121
targets -set -nocase -filter {name =~"APU*"}
rst -system
after 3000
targets -set -filter {jtag_cable_name =~ "Xilinx HW-FTDI-TEST FT2232H 1234-tulA" && level==0 && jtag_device_ctx=="jsn-HW-FTDI-TEST FT2232H-1234-tulA-23727093-0"}
fpga -file C:/ProjectenVivado/SystemOnChip/Car/IMU/vitis/IMU_App/_ide/bitstream/design_1_wrapper.bit
targets -set -nocase -filter {name =~"APU*"}
loadhw -hw C:/ProjectenVivado/SystemOnChip/Car/IMU/vitis/design_1_wrapper/export/design_1_wrapper/hw/design_1_wrapper.xsa -mem-ranges [list {0x40000000 0xbfffffff}] -regs
configparams force-mem-access 1
targets -set -nocase -filter {name =~"APU*"}
source C:/ProjectenVivado/SystemOnChip/Car/IMU/vitis/IMU_App/_ide/psinit/ps7_init.tcl
ps7_init
ps7_post_config
targets -set -nocase -filter {name =~ "*A9*#0"}
dow C:/ProjectenVivado/SystemOnChip/Car/IMU/vitis/IMU_App/Debug/IMU_App.elf
configparams force-mem-access 0
----------------End of Script----------------

21:36:40 INFO  : Context for processor 'ps7_cortexa9_0' is selected.
21:36:40 INFO  : 'con' command is executed.
21:36:40 INFO  : ----------------XSDB Script (After Launch)----------------
targets -set -nocase -filter {name =~ "*A9*#0"}
con
----------------End of Script----------------

21:36:40 INFO  : Launch script is exported to file 'C:\ProjectenVivado\SystemOnChip\Car\IMU\vitis\IMU_App_system\_ide\scripts\debugger_imu_app-default.tcl'
21:39:40 INFO  : Connected to target on host '127.0.0.1' and port '3121'.
21:39:40 INFO  : Jtag cable 'Xilinx HW-FTDI-TEST FT2232H 1234-tulA' is selected.
21:39:40 INFO  : 'jtag frequency' command is executed.
21:39:40 INFO  : Context for 'APU' is selected.
21:39:40 INFO  : System reset is completed.
21:39:43 INFO  : 'after 3000' command is executed.
21:39:43 INFO  : 'targets -set -filter {jtag_cable_name =~ "Xilinx HW-FTDI-TEST FT2232H 1234-tulA" && level==0 && jtag_device_ctx=="jsn-HW-FTDI-TEST FT2232H-1234-tulA-23727093-0"}' command is executed.
21:39:46 INFO  : Device configured successfully with "C:/ProjectenVivado/SystemOnChip/Car/IMU/vitis/IMU_App/_ide/bitstream/design_1_wrapper.bit"
21:39:46 INFO  : Context for 'APU' is selected.
21:39:46 INFO  : Hardware design and registers information is loaded from 'C:/ProjectenVivado/SystemOnChip/Car/IMU/vitis/design_1_wrapper/export/design_1_wrapper/hw/design_1_wrapper.xsa'.
21:39:46 INFO  : 'configparams force-mem-access 1' command is executed.
21:39:46 INFO  : Context for 'APU' is selected.
21:39:46 INFO  : Sourcing of 'C:/ProjectenVivado/SystemOnChip/Car/IMU/vitis/IMU_App/_ide/psinit/ps7_init.tcl' is done.
21:39:46 INFO  : 'ps7_init' command is executed.
21:39:46 INFO  : 'ps7_post_config' command is executed.
21:39:46 INFO  : Context for processor 'ps7_cortexa9_0' is selected.
21:39:46 INFO  : The application 'C:/ProjectenVivado/SystemOnChip/Car/IMU/vitis/IMU_App/Debug/IMU_App.elf' is downloaded to processor 'ps7_cortexa9_0'.
21:39:46 INFO  : 'configparams force-mem-access 0' command is executed.
21:39:46 INFO  : ----------------XSDB Script----------------
connect -url tcp:127.0.0.1:3121
targets -set -nocase -filter {name =~"APU*"}
rst -system
after 3000
targets -set -filter {jtag_cable_name =~ "Xilinx HW-FTDI-TEST FT2232H 1234-tulA" && level==0 && jtag_device_ctx=="jsn-HW-FTDI-TEST FT2232H-1234-tulA-23727093-0"}
fpga -file C:/ProjectenVivado/SystemOnChip/Car/IMU/vitis/IMU_App/_ide/bitstream/design_1_wrapper.bit
targets -set -nocase -filter {name =~"APU*"}
loadhw -hw C:/ProjectenVivado/SystemOnChip/Car/IMU/vitis/design_1_wrapper/export/design_1_wrapper/hw/design_1_wrapper.xsa -mem-ranges [list {0x40000000 0xbfffffff}] -regs
configparams force-mem-access 1
targets -set -nocase -filter {name =~"APU*"}
source C:/ProjectenVivado/SystemOnChip/Car/IMU/vitis/IMU_App/_ide/psinit/ps7_init.tcl
ps7_init
ps7_post_config
targets -set -nocase -filter {name =~ "*A9*#0"}
dow C:/ProjectenVivado/SystemOnChip/Car/IMU/vitis/IMU_App/Debug/IMU_App.elf
configparams force-mem-access 0
----------------End of Script----------------

21:39:46 INFO  : Context for processor 'ps7_cortexa9_0' is selected.
21:39:46 INFO  : 'con' command is executed.
21:39:46 INFO  : ----------------XSDB Script (After Launch)----------------
targets -set -nocase -filter {name =~ "*A9*#0"}
con
----------------End of Script----------------

21:39:46 INFO  : Launch script is exported to file 'C:\ProjectenVivado\SystemOnChip\Car\IMU\vitis\IMU_App_system\_ide\scripts\debugger_imu_app-default.tcl'
21:47:43 INFO  : Connected to target on host '127.0.0.1' and port '3121'.
21:47:43 INFO  : Jtag cable 'Xilinx HW-FTDI-TEST FT2232H 1234-tulA' is selected.
21:47:43 INFO  : 'jtag frequency' command is executed.
21:47:43 INFO  : Context for 'APU' is selected.
21:47:43 INFO  : System reset is completed.
21:47:46 INFO  : 'after 3000' command is executed.
21:47:46 INFO  : 'targets -set -filter {jtag_cable_name =~ "Xilinx HW-FTDI-TEST FT2232H 1234-tulA" && level==0 && jtag_device_ctx=="jsn-HW-FTDI-TEST FT2232H-1234-tulA-23727093-0"}' command is executed.
21:47:49 INFO  : Device configured successfully with "C:/ProjectenVivado/SystemOnChip/Car/IMU/vitis/IMU_App/_ide/bitstream/design_1_wrapper.bit"
21:47:49 INFO  : Context for 'APU' is selected.
21:47:49 INFO  : Hardware design and registers information is loaded from 'C:/ProjectenVivado/SystemOnChip/Car/IMU/vitis/design_1_wrapper/export/design_1_wrapper/hw/design_1_wrapper.xsa'.
21:47:49 INFO  : 'configparams force-mem-access 1' command is executed.
21:47:49 INFO  : Context for 'APU' is selected.
21:47:49 INFO  : Sourcing of 'C:/ProjectenVivado/SystemOnChip/Car/IMU/vitis/IMU_App/_ide/psinit/ps7_init.tcl' is done.
21:47:49 INFO  : 'ps7_init' command is executed.
21:47:49 INFO  : 'ps7_post_config' command is executed.
21:47:49 INFO  : Context for processor 'ps7_cortexa9_0' is selected.
21:47:49 INFO  : The application 'C:/ProjectenVivado/SystemOnChip/Car/IMU/vitis/IMU_App/Debug/IMU_App.elf' is downloaded to processor 'ps7_cortexa9_0'.
21:47:49 INFO  : 'configparams force-mem-access 0' command is executed.
21:47:49 INFO  : ----------------XSDB Script----------------
connect -url tcp:127.0.0.1:3121
targets -set -nocase -filter {name =~"APU*"}
rst -system
after 3000
targets -set -filter {jtag_cable_name =~ "Xilinx HW-FTDI-TEST FT2232H 1234-tulA" && level==0 && jtag_device_ctx=="jsn-HW-FTDI-TEST FT2232H-1234-tulA-23727093-0"}
fpga -file C:/ProjectenVivado/SystemOnChip/Car/IMU/vitis/IMU_App/_ide/bitstream/design_1_wrapper.bit
targets -set -nocase -filter {name =~"APU*"}
loadhw -hw C:/ProjectenVivado/SystemOnChip/Car/IMU/vitis/design_1_wrapper/export/design_1_wrapper/hw/design_1_wrapper.xsa -mem-ranges [list {0x40000000 0xbfffffff}] -regs
configparams force-mem-access 1
targets -set -nocase -filter {name =~"APU*"}
source C:/ProjectenVivado/SystemOnChip/Car/IMU/vitis/IMU_App/_ide/psinit/ps7_init.tcl
ps7_init
ps7_post_config
targets -set -nocase -filter {name =~ "*A9*#0"}
dow C:/ProjectenVivado/SystemOnChip/Car/IMU/vitis/IMU_App/Debug/IMU_App.elf
configparams force-mem-access 0
----------------End of Script----------------

21:47:49 INFO  : Context for processor 'ps7_cortexa9_0' is selected.
21:47:49 INFO  : 'con' command is executed.
21:47:49 INFO  : ----------------XSDB Script (After Launch)----------------
targets -set -nocase -filter {name =~ "*A9*#0"}
con
----------------End of Script----------------

21:47:49 INFO  : Launch script is exported to file 'C:\ProjectenVivado\SystemOnChip\Car\IMU\vitis\IMU_App_system\_ide\scripts\debugger_imu_app-default.tcl'
23:06:39 INFO  : Connected to target on host '127.0.0.1' and port '3121'.
23:06:39 INFO  : Jtag cable 'Xilinx HW-FTDI-TEST FT2232H 1234-tulA' is selected.
23:06:39 INFO  : 'jtag frequency' command is executed.
23:06:39 INFO  : Context for 'APU' is selected.
23:06:39 INFO  : System reset is completed.
23:06:42 INFO  : 'after 3000' command is executed.
23:06:42 INFO  : 'targets -set -filter {jtag_cable_name =~ "Xilinx HW-FTDI-TEST FT2232H 1234-tulA" && level==0 && jtag_device_ctx=="jsn-HW-FTDI-TEST FT2232H-1234-tulA-23727093-0"}' command is executed.
23:06:45 INFO  : Device configured successfully with "C:/ProjectenVivado/SystemOnChip/Car/IMU/vitis/IMU_App/_ide/bitstream/design_1_wrapper.bit"
23:06:45 INFO  : Context for 'APU' is selected.
23:06:45 INFO  : Hardware design and registers information is loaded from 'C:/ProjectenVivado/SystemOnChip/Car/IMU/vitis/design_1_wrapper/export/design_1_wrapper/hw/design_1_wrapper.xsa'.
23:06:45 INFO  : 'configparams force-mem-access 1' command is executed.
23:06:45 INFO  : Context for 'APU' is selected.
23:06:45 INFO  : Sourcing of 'C:/ProjectenVivado/SystemOnChip/Car/IMU/vitis/IMU_App/_ide/psinit/ps7_init.tcl' is done.
23:06:45 INFO  : 'ps7_init' command is executed.
23:06:45 INFO  : 'ps7_post_config' command is executed.
23:06:45 INFO  : Context for processor 'ps7_cortexa9_0' is selected.
23:06:45 INFO  : The application 'C:/ProjectenVivado/SystemOnChip/Car/IMU/vitis/IMU_App/Debug/IMU_App.elf' is downloaded to processor 'ps7_cortexa9_0'.
23:06:45 INFO  : 'configparams force-mem-access 0' command is executed.
23:06:45 INFO  : ----------------XSDB Script----------------
connect -url tcp:127.0.0.1:3121
targets -set -nocase -filter {name =~"APU*"}
rst -system
after 3000
targets -set -filter {jtag_cable_name =~ "Xilinx HW-FTDI-TEST FT2232H 1234-tulA" && level==0 && jtag_device_ctx=="jsn-HW-FTDI-TEST FT2232H-1234-tulA-23727093-0"}
fpga -file C:/ProjectenVivado/SystemOnChip/Car/IMU/vitis/IMU_App/_ide/bitstream/design_1_wrapper.bit
targets -set -nocase -filter {name =~"APU*"}
loadhw -hw C:/ProjectenVivado/SystemOnChip/Car/IMU/vitis/design_1_wrapper/export/design_1_wrapper/hw/design_1_wrapper.xsa -mem-ranges [list {0x40000000 0xbfffffff}] -regs
configparams force-mem-access 1
targets -set -nocase -filter {name =~"APU*"}
source C:/ProjectenVivado/SystemOnChip/Car/IMU/vitis/IMU_App/_ide/psinit/ps7_init.tcl
ps7_init
ps7_post_config
targets -set -nocase -filter {name =~ "*A9*#0"}
dow C:/ProjectenVivado/SystemOnChip/Car/IMU/vitis/IMU_App/Debug/IMU_App.elf
configparams force-mem-access 0
----------------End of Script----------------

23:06:45 INFO  : Context for processor 'ps7_cortexa9_0' is selected.
23:06:45 INFO  : 'con' command is executed.
23:06:45 INFO  : ----------------XSDB Script (After Launch)----------------
targets -set -nocase -filter {name =~ "*A9*#0"}
con
----------------End of Script----------------

23:06:45 INFO  : Launch script is exported to file 'C:\ProjectenVivado\SystemOnChip\Car\IMU\vitis\IMU_App_system\_ide\scripts\debugger_imu_app-default.tcl'
23:09:30 INFO  : Disconnected from the channel tcfchan#4.
23:09:30 WARN  : channel "tcfchan#4" closed
23:09:30 WARN  : channel "tcfchan#4" closed
23:09:30 WARN  : channel "tcfchan#4" closed
20:36:51 DEBUG : Logs will be stored at 'C:/ProjectenVivado/SystemOnChip/Car/IMU/vitis/IDE.log'.
20:36:51 INFO  : Launching XSCT server: xsct.bat -n  -interactive C:\ProjectenVivado\SystemOnChip\Car\IMU\vitis\temp_xsdb_launch_script.tcl
20:36:52 ERROR : (XSDB Server)'\gnu\microblaze\lin\bin\' is not recognized as an internal or external command,
operable program or batch file.

20:36:52 ERROR : (XSDB Server)'\gnu\microblaze\nt\bin\' is not recognized as an internal or external command,
operable program or batch file.

20:36:52 ERROR : (XSDB Server)'\gnuwin\bin\' is not recognized as an internal or external command,
operable program or batch file.

20:36:56 INFO  : XSCT server has started successfully.
20:36:56 INFO  : Successfully done setting XSCT server connection channel  
20:36:56 INFO  : plnx-install-location is set to ''
20:36:56 INFO  : Successfully done setting workspace for the tool. 
20:38:47 INFO  : Registering command handlers for Vitis TCF services
20:38:47 INFO  : Platform repository initialization has completed.
20:38:52 INFO  : Successfully done query RDI_DATADIR 
20:39:15 INFO  : Connected to target on host '127.0.0.1' and port '3121'.
20:39:15 INFO  : Jtag cable 'Xilinx HW-FTDI-TEST FT2232H 1234-tulA' is selected.
20:39:15 INFO  : 'jtag frequency' command is executed.
20:39:15 INFO  : Context for 'APU' is selected.
20:39:15 INFO  : System reset is completed.
20:39:18 INFO  : 'after 3000' command is executed.
20:39:19 INFO  : 'targets -set -filter {jtag_cable_name =~ "Xilinx HW-FTDI-TEST FT2232H 1234-tulA" && level==0 && jtag_device_ctx=="jsn-HW-FTDI-TEST FT2232H-1234-tulA-23727093-0"}' command is executed.
20:39:21 INFO  : Device configured successfully with "C:/ProjectenVivado/SystemOnChip/Car/IMU/vitis/IMU_App/_ide/bitstream/design_1_wrapper.bit"
20:39:21 INFO  : Context for 'APU' is selected.
20:39:21 INFO  : Hardware design and registers information is loaded from 'C:/ProjectenVivado/SystemOnChip/Car/IMU/vitis/design_1_wrapper/export/design_1_wrapper/hw/design_1_wrapper.xsa'.
20:39:21 INFO  : 'configparams force-mem-access 1' command is executed.
20:39:21 INFO  : Context for 'APU' is selected.
20:39:21 INFO  : Sourcing of 'C:/ProjectenVivado/SystemOnChip/Car/IMU/vitis/IMU_App/_ide/psinit/ps7_init.tcl' is done.
20:39:21 INFO  : 'ps7_init' command is executed.
20:39:21 INFO  : 'ps7_post_config' command is executed.
20:39:21 INFO  : Context for processor 'ps7_cortexa9_0' is selected.
20:39:22 INFO  : The application 'C:/ProjectenVivado/SystemOnChip/Car/IMU/vitis/IMU_App/Debug/IMU_App.elf' is downloaded to processor 'ps7_cortexa9_0'.
20:39:22 INFO  : 'configparams force-mem-access 0' command is executed.
20:39:22 INFO  : ----------------XSDB Script----------------
connect -url tcp:127.0.0.1:3121
targets -set -nocase -filter {name =~"APU*"}
rst -system
after 3000
targets -set -filter {jtag_cable_name =~ "Xilinx HW-FTDI-TEST FT2232H 1234-tulA" && level==0 && jtag_device_ctx=="jsn-HW-FTDI-TEST FT2232H-1234-tulA-23727093-0"}
fpga -file C:/ProjectenVivado/SystemOnChip/Car/IMU/vitis/IMU_App/_ide/bitstream/design_1_wrapper.bit
targets -set -nocase -filter {name =~"APU*"}
loadhw -hw C:/ProjectenVivado/SystemOnChip/Car/IMU/vitis/design_1_wrapper/export/design_1_wrapper/hw/design_1_wrapper.xsa -mem-ranges [list {0x40000000 0xbfffffff}] -regs
configparams force-mem-access 1
targets -set -nocase -filter {name =~"APU*"}
source C:/ProjectenVivado/SystemOnChip/Car/IMU/vitis/IMU_App/_ide/psinit/ps7_init.tcl
ps7_init
ps7_post_config
targets -set -nocase -filter {name =~ "*A9*#0"}
dow C:/ProjectenVivado/SystemOnChip/Car/IMU/vitis/IMU_App/Debug/IMU_App.elf
configparams force-mem-access 0
----------------End of Script----------------

20:39:22 INFO  : Context for processor 'ps7_cortexa9_0' is selected.
20:39:22 INFO  : 'con' command is executed.
20:39:22 INFO  : ----------------XSDB Script (After Launch)----------------
targets -set -nocase -filter {name =~ "*A9*#0"}
con
----------------End of Script----------------

20:39:22 INFO  : Launch script is exported to file 'C:\ProjectenVivado\SystemOnChip\Car\IMU\vitis\IMU_App_system\_ide\scripts\debugger_imu_app-default.tcl'
20:49:14 INFO  : Disconnected from the channel tcfchan#1.
