Nothing to build in platform 'FinalCar'

17:13:54 **** Incremental Build of configuration Debug for project car_assembly ****
make all 
C:/Xilinx/Vitis/2024.1/gnuwin/bin/make --no-print-directory pre-build
a9-linaro-pre-build-step
' '
C:/Xilinx/Vitis/2024.1/gnuwin/bin/make --no-print-directory main-build
'Building file: ../src/helloworld.c'
'Invoking: ARM v7 gcc compiler'
arm-none-eabi-gcc -Wall -O0 -g3 -c -fmessage-length=0 -MT"src/helloworld.o" -mcpu=cortex-a9 -mfpu=vfpv3 -mfloat-abi=hard -IC:/vivado_pxlsoc/eval_soc_car/FinalCar/export/FinalCar/sw/FinalCar/standalone_ps7_cortexa9_0/bspinclude/include -MMD -MP -MF"src/helloworld.d" -MT"src/helloworld.o" -o "src/helloworld.o" "../src/helloworld.c"
'Finished building: ../src/helloworld.c'
' '
'Building target: car_assembly.elf'
'Invoking: ARM v7 gcc linker'
arm-none-eabi-gcc -mcpu=cortex-a9 -mfpu=vfpv3 -mfloat-abi=hard -Wl,-build-id=none -specs=Xilinx.spec -Wl,-T -Wl,../src/lscript.ld -LC:/vivado_pxlsoc/eval_soc_car/FinalCar/export/FinalCar/sw/FinalCar/standalone_ps7_cortexa9_0/bsplib/lib -o "car_assembly.elf"  ./src/helloworld.o ./src/platform.o   -Wl,--start-group,-lxil,-lgcc,-lc,--end-group
'Finished building target: car_assembly.elf'
' '
'Invoking: ARM v7 Print Size'
arm-none-eabi-size car_assembly.elf  |tee "car_assembly.elf.size"
   text	   data	    bss	    dec	    hex	filename
  61851	   2704	  22944	  87499	  155cb	car_assembly.elf
'Finished building: car_assembly.elf.size'
' '
