
*** Running vivado
    with args -log design_1_HC_SR04_1_0.vds -m64 -product Vivado -mode batch -messageDb vivado.pb -notrace -source design_1_HC_SR04_1_0.tcl



****** Vivado v2024.1.2 (64-bit)
  **** SW Build 5164865 on Thu Sep  5 14:37:11 MDT 2024
  **** IP Build 5164407 on Fri Sep  6 08:18:11 MDT 2024
  **** SharedData Build 5164864 on Thu Sep 05 13:09:09 MDT 2024
  **** Start of session at: Wed Feb 26 00:12:01 2025
    ** Copyright 1986-2022 Xilinx, Inc. All Rights Reserved.
    ** Copyright 2022-2024 Advanced Micro Devices, Inc. All Rights Reserved.

source design_1_HC_SR04_1_0.tcl -notrace
create_project: Time (s): cpu = 00:00:08 ; elapsed = 00:00:11 . Memory (MB): peak = 522.531 ; gain = 145.273
INFO: [IP_Flow 19-234] Refreshing IP repositories
INFO: [IP_Flow 19-1700] Loaded user IP repository 'c:/PXL/devWorks/devWorks2/CAR/ip_repo/HC_SR04_1_0'.
WARNING: [IP_Flow 19-2207] Repository 'c:/PXL/devWorks/devWorks2/CAR/ip_repo/HC_SR04_1_0' already exists; ignoring attempt to add it again.
INFO: [IP_Flow 19-1700] Loaded user IP repository 'c:/PXL/devWorks/devWorks2/CAR/ip_repo/HC_SR04_1_0'.
WARNING: [IP_Flow 19-2248] Failed to load user IP repository 'c:/PXL/devWorks/devWorks2/CAR/ip_repo/HC_SR04_v1.0_1_0'; Can't find the specified path.
If this directory should no longer be in your list of user repositories, go to the IP Settings dialog and remove it.
WARNING: [IP_Flow 19-2207] Repository 'c:/PXL/devWorks/devWorks2/CAR/ip_repo/HC_SR04_1_0' already exists; ignoring attempt to add it again.
INFO: [IP_Flow 19-1700] Loaded user IP repository 'c:/PXL/devWorks/devWorks2/CAR/ip_repo/HC_SR04_1_0'.
WARNING: [IP_Flow 19-2207] Repository 'c:/PXL/devWorks/devWorks2/CAR/ip_repo/HC_SR04_1_0' already exists; ignoring attempt to add it again.
INFO: [IP_Flow 19-1700] Loaded user IP repository 'c:/PXL/devWorks/devWorks2/CAR/ip_repo/HC_SR04_1_0'.
WARNING: [IP_Flow 19-2207] Repository 'c:/PXL/devWorks/devWorks2/CAR/ip_repo/HC_SR04_1_0' already exists; ignoring attempt to add it again.
INFO: [IP_Flow 19-1700] Loaded user IP repository 'c:/PXL/devWorks/devWorks2/CAR/ip_repo/HC_SR04_1_0'.
WARNING: [IP_Flow 19-2207] Repository 'c:/PXL/devWorks/devWorks2/CAR/ip_repo/HC_SR04_1_0' already exists; ignoring attempt to add it again.
INFO: [IP_Flow 19-1700] Loaded user IP repository 'c:/PXL/devWorks/devWorks2/CAR/ip_repo/HC_SR04_1_0'.
INFO: [IP_Flow 19-2313] Loaded Vivado IP repository 'C:/Xilinx/Vivado/2024.1/data/ip'.
INFO: [IP_Flow 19-6924] IPCACHE: Running cache check for IP inst: design_1_HC_SR04_1_0
Command: synth_design -top design_1_HC_SR04_1_0 -part xc7z020clg400-1 -incremental_mode off -mode out_of_context
Starting synth_design
Attempting to get a license for feature 'Synthesis' and/or device 'xc7z020'
INFO: [Common 17-349] Got license for feature 'Synthesis' and/or device 'xc7z020'
INFO: [Device 21-403] Loading part xc7z020clg400-1
INFO: [Device 21-9227] Part: xc7z020clg400-1 does not have CEAM library.
INFO: [Synth 8-7079] Multithreading enabled for synth_design using a maximum of 2 processes.
INFO: [Synth 8-7078] Launching helper process for spawning children vivado processes
INFO: [Synth 8-7075] Helper process launched with PID 17444
---------------------------------------------------------------------------------
Starting RTL Elaboration : Time (s): cpu = 00:00:08 ; elapsed = 00:00:17 . Memory (MB): peak = 1421.355 ; gain = 452.191
---------------------------------------------------------------------------------
INFO: [Synth 8-638] synthesizing module 'design_1_HC_SR04_1_0' [c:/PXL/devWorks/devWorks2/CAR/HC_SR04/HC_SR04.gen/sources_1/bd/design_1/ip/design_1_HC_SR04_1_0/synth/design_1_HC_SR04_1_0.vhd:86]
	Parameter C_S00_AXI_DATA_WIDTH bound to: 32 - type: integer 
	Parameter C_S00_AXI_ADDR_WIDTH bound to: 4 - type: integer 
INFO: [Synth 8-3491] module 'HC_SR04' declared at 'c:/PXL/devWorks/devWorks2/CAR/HC_SR04/HC_SR04.gen/sources_1/bd/design_1/ipshared/13f9/hdl/HC_SR04.vhd:5' bound to instance 'U0' of component 'HC_SR04' [c:/PXL/devWorks/devWorks2/CAR/HC_SR04/HC_SR04.gen/sources_1/bd/design_1/ip/design_1_HC_SR04_1_0/synth/design_1_HC_SR04_1_0.vhd:158]
INFO: [Synth 8-638] synthesizing module 'HC_SR04' [c:/PXL/devWorks/devWorks2/CAR/HC_SR04/HC_SR04.gen/sources_1/bd/design_1/ipshared/13f9/hdl/HC_SR04.vhd:52]
	Parameter C_S_AXI_DATA_WIDTH bound to: 32 - type: integer 
	Parameter C_S_AXI_ADDR_WIDTH bound to: 4 - type: integer 
INFO: [Synth 8-3491] module 'HC_SR04_slave_lite_v1_0_S00_AXI' declared at 'c:/PXL/devWorks/devWorks2/CAR/HC_SR04/HC_SR04.gen/sources_1/bd/design_1/ipshared/13f9/hdl/HC_SR04_slave_lite_v1_0_S00_AXI.vhd:5' bound to instance 'HC_SR04_slave_lite_v1_0_S00_AXI_inst' of component 'HC_SR04_slave_lite_v1_0_S00_AXI' [c:/PXL/devWorks/devWorks2/CAR/HC_SR04/HC_SR04.gen/sources_1/bd/design_1/ipshared/13f9/hdl/HC_SR04.vhd:92]
INFO: [Synth 8-638] synthesizing module 'HC_SR04_slave_lite_v1_0_S00_AXI' [c:/PXL/devWorks/devWorks2/CAR/HC_SR04/HC_SR04.gen/sources_1/bd/design_1/ipshared/13f9/hdl/HC_SR04_slave_lite_v1_0_S00_AXI.vhd:89]
INFO: [Synth 8-226] default block is never used [c:/PXL/devWorks/devWorks2/CAR/HC_SR04/HC_SR04.gen/sources_1/bd/design_1/ipshared/13f9/hdl/HC_SR04_slave_lite_v1_0_S00_AXI.vhd:233]
INFO: [Synth 8-3491] module 'HC_SR04_Core1' declared at 'c:/PXL/devWorks/devWorks2/CAR/HC_SR04/HC_SR04.gen/sources_1/bd/design_1/ipshared/13f9/3e9c/HC_SR04_Core1.vhd:34' bound to instance 'Core1' of component 'HC_SR04_Core1' [c:/PXL/devWorks/devWorks2/CAR/HC_SR04/HC_SR04.gen/sources_1/bd/design_1/ipshared/13f9/hdl/HC_SR04_slave_lite_v1_0_S00_AXI.vhd:327]
INFO: [Synth 8-638] synthesizing module 'HC_SR04_Core1' [c:/PXL/devWorks/devWorks2/CAR/HC_SR04/HC_SR04.gen/sources_1/bd/design_1/ipshared/13f9/3e9c/HC_SR04_Core1.vhd:45]
INFO: [Synth 8-226] default block is never used [c:/PXL/devWorks/devWorks2/CAR/HC_SR04/HC_SR04.gen/sources_1/bd/design_1/ipshared/13f9/3e9c/HC_SR04_Core1.vhd:69]
INFO: [Synth 8-256] done synthesizing module 'HC_SR04_Core1' (0#1) [c:/PXL/devWorks/devWorks2/CAR/HC_SR04/HC_SR04.gen/sources_1/bd/design_1/ipshared/13f9/3e9c/HC_SR04_Core1.vhd:45]
INFO: [Synth 8-256] done synthesizing module 'HC_SR04_slave_lite_v1_0_S00_AXI' (0#1) [c:/PXL/devWorks/devWorks2/CAR/HC_SR04/HC_SR04.gen/sources_1/bd/design_1/ipshared/13f9/hdl/HC_SR04_slave_lite_v1_0_S00_AXI.vhd:89]
INFO: [Synth 8-256] done synthesizing module 'HC_SR04' (0#1) [c:/PXL/devWorks/devWorks2/CAR/HC_SR04/HC_SR04.gen/sources_1/bd/design_1/ipshared/13f9/hdl/HC_SR04.vhd:52]
INFO: [Synth 8-256] done synthesizing module 'design_1_HC_SR04_1_0' (0#1) [c:/PXL/devWorks/devWorks2/CAR/HC_SR04/HC_SR04.gen/sources_1/bd/design_1/ip/design_1_HC_SR04_1_0/synth/design_1_HC_SR04_1_0.vhd:86]
WARNING: [Synth 8-7129] Port S_AXI_AWPROT[2] in module HC_SR04_slave_lite_v1_0_S00_AXI is either unconnected or has no load
WARNING: [Synth 8-7129] Port S_AXI_AWPROT[1] in module HC_SR04_slave_lite_v1_0_S00_AXI is either unconnected or has no load
WARNING: [Synth 8-7129] Port S_AXI_AWPROT[0] in module HC_SR04_slave_lite_v1_0_S00_AXI is either unconnected or has no load
WARNING: [Synth 8-7129] Port S_AXI_ARPROT[2] in module HC_SR04_slave_lite_v1_0_S00_AXI is either unconnected or has no load
WARNING: [Synth 8-7129] Port S_AXI_ARPROT[1] in module HC_SR04_slave_lite_v1_0_S00_AXI is either unconnected or has no load
WARNING: [Synth 8-7129] Port S_AXI_ARPROT[0] in module HC_SR04_slave_lite_v1_0_S00_AXI is either unconnected or has no load
---------------------------------------------------------------------------------
Finished RTL Elaboration : Time (s): cpu = 00:00:11 ; elapsed = 00:00:21 . Memory (MB): peak = 1549.031 ; gain = 579.867
---------------------------------------------------------------------------------
---------------------------------------------------------------------------------
Start Handling Custom Attributes
---------------------------------------------------------------------------------
---------------------------------------------------------------------------------
Finished Handling Custom Attributes : Time (s): cpu = 00:00:11 ; elapsed = 00:00:21 . Memory (MB): peak = 1549.031 ; gain = 579.867
---------------------------------------------------------------------------------
---------------------------------------------------------------------------------
Finished RTL Optimization Phase 1 : Time (s): cpu = 00:00:11 ; elapsed = 00:00:21 . Memory (MB): peak = 1549.031 ; gain = 579.867
---------------------------------------------------------------------------------
Netlist sorting complete. Time (s): cpu = 00:00:00 ; elapsed = 00:00:00.010 . Memory (MB): peak = 1549.031 ; gain = 0.000
INFO: [Project 1-570] Preparing netlist for logic optimization

Processing XDC Constraints
Initializing timing engine
Completed Processing XDC Constraints

Netlist sorting complete. Time (s): cpu = 00:00:00 ; elapsed = 00:00:00 . Memory (MB): peak = 1650.590 ; gain = 0.000
INFO: [Project 1-111] Unisim Transformation Summary:
No Unisim elements were transformed.

Constraint Validation Runtime : Time (s): cpu = 00:00:00 ; elapsed = 00:00:00.121 . Memory (MB): peak = 1654.492 ; gain = 3.902
INFO: [Designutils 20-5008] Incremental synthesis strategy off
---------------------------------------------------------------------------------
Finished Constraint Validation : Time (s): cpu = 00:00:23 ; elapsed = 00:00:36 . Memory (MB): peak = 1654.492 ; gain = 685.328
---------------------------------------------------------------------------------
---------------------------------------------------------------------------------
Start Loading Part and Timing Information
---------------------------------------------------------------------------------
Loading part: xc7z020clg400-1
---------------------------------------------------------------------------------
Finished Loading Part and Timing Information : Time (s): cpu = 00:00:23 ; elapsed = 00:00:37 . Memory (MB): peak = 1654.492 ; gain = 685.328
---------------------------------------------------------------------------------
---------------------------------------------------------------------------------
Start Applying 'set_property' XDC Constraints
---------------------------------------------------------------------------------
---------------------------------------------------------------------------------
Finished applying 'set_property' XDC Constraints : Time (s): cpu = 00:00:23 ; elapsed = 00:00:37 . Memory (MB): peak = 1654.492 ; gain = 685.328
---------------------------------------------------------------------------------
INFO: [Synth 8-802] inferred FSM for state register 'state_write_reg' in module 'HC_SR04_slave_lite_v1_0_S00_AXI'
INFO: [Synth 8-802] inferred FSM for state register 'state_read_reg' in module 'HC_SR04_slave_lite_v1_0_S00_AXI'
---------------------------------------------------------------------------------------------------
                   State |                     New Encoding |                Previous Encoding 
---------------------------------------------------------------------------------------------------
                    idle |                              001 |                               00
                   waddr |                              010 |                               10
                   wdata |                              100 |                               11
---------------------------------------------------------------------------------------------------
INFO: [Synth 8-3354] encoded FSM with state register 'state_write_reg' using encoding 'one-hot' in module 'HC_SR04_slave_lite_v1_0_S00_AXI'
---------------------------------------------------------------------------------------------------
                   State |                     New Encoding |                Previous Encoding 
---------------------------------------------------------------------------------------------------
                    idle |                               00 |                               00
                   raddr |                               01 |                               10
                   rdata |                               10 |                               11
---------------------------------------------------------------------------------------------------
INFO: [Synth 8-3354] encoded FSM with state register 'state_read_reg' using encoding 'sequential' in module 'HC_SR04_slave_lite_v1_0_S00_AXI'
---------------------------------------------------------------------------------
Finished RTL Optimization Phase 2 : Time (s): cpu = 00:00:24 ; elapsed = 00:00:37 . Memory (MB): peak = 1654.492 ; gain = 685.328
---------------------------------------------------------------------------------
---------------------------------------------------------------------------------
Start RTL Component Statistics 
---------------------------------------------------------------------------------
Detailed RTL Component Info : 
+---Adders : 
	   2 Input   17 Bit       Adders := 1     
+---Registers : 
	               32 Bit    Registers := 4     
	               17 Bit    Registers := 1     
	               16 Bit    Registers := 1     
	                4 Bit    Registers := 2     
	                2 Bit    Registers := 3     
	                1 Bit    Registers := 9     
+---Muxes : 
	   2 Input   32 Bit        Muxes := 4     
	   4 Input   32 Bit        Muxes := 5     
	   3 Input   17 Bit        Muxes := 1     
	   2 Input   17 Bit        Muxes := 2     
	   3 Input    3 Bit        Muxes := 1     
	   2 Input    3 Bit        Muxes := 3     
	   4 Input    2 Bit        Muxes := 1     
	   5 Input    2 Bit        Muxes := 1     
	   3 Input    2 Bit        Muxes := 1     
	   2 Input    2 Bit        Muxes := 3     
	   2 Input    1 Bit        Muxes := 5     
	   3 Input    1 Bit        Muxes := 14    
	   4 Input    1 Bit        Muxes := 2     
---------------------------------------------------------------------------------
Finished RTL Component Statistics 
---------------------------------------------------------------------------------
---------------------------------------------------------------------------------
Start Part Resource Summary
---------------------------------------------------------------------------------
Part Resources:
DSPs: 220 (col length:60)
BRAMs: 280 (col length: RAMB18 60 RAMB36 30)
---------------------------------------------------------------------------------
Finished Part Resource Summary
---------------------------------------------------------------------------------
---------------------------------------------------------------------------------
Start Cross Boundary and Area Optimization
---------------------------------------------------------------------------------
WARNING: [Synth 8-7080] Parallel synthesis criteria is not met
WARNING: [Synth 8-7129] Port s00_axi_awprot[2] in module design_1_HC_SR04_1_0 is either unconnected or has no load
WARNING: [Synth 8-7129] Port s00_axi_awprot[1] in module design_1_HC_SR04_1_0 is either unconnected or has no load
WARNING: [Synth 8-7129] Port s00_axi_awprot[0] in module design_1_HC_SR04_1_0 is either unconnected or has no load
WARNING: [Synth 8-7129] Port s00_axi_arprot[2] in module design_1_HC_SR04_1_0 is either unconnected or has no load
WARNING: [Synth 8-7129] Port s00_axi_arprot[1] in module design_1_HC_SR04_1_0 is either unconnected or has no load
WARNING: [Synth 8-7129] Port s00_axi_arprot[0] in module design_1_HC_SR04_1_0 is either unconnected or has no load
---------------------------------------------------------------------------------
Finished Cross Boundary and Area Optimization : Time (s): cpu = 00:00:27 ; elapsed = 00:00:41 . Memory (MB): peak = 1654.492 ; gain = 685.328
---------------------------------------------------------------------------------
---------------------------------------------------------------------------------
Start Applying XDC Timing Constraints
---------------------------------------------------------------------------------
---------------------------------------------------------------------------------
Finished Applying XDC Timing Constraints : Time (s): cpu = 00:00:40 ; elapsed = 00:00:57 . Memory (MB): peak = 1654.492 ; gain = 685.328
---------------------------------------------------------------------------------
---------------------------------------------------------------------------------
Start Timing Optimization
---------------------------------------------------------------------------------
---------------------------------------------------------------------------------
Finished Timing Optimization : Time (s): cpu = 00:00:40 ; elapsed = 00:00:57 . Memory (MB): peak = 1654.492 ; gain = 685.328
---------------------------------------------------------------------------------
---------------------------------------------------------------------------------
Start Technology Mapping
---------------------------------------------------------------------------------
---------------------------------------------------------------------------------
Finished Technology Mapping : Time (s): cpu = 00:00:40 ; elapsed = 00:00:58 . Memory (MB): peak = 1654.492 ; gain = 685.328
---------------------------------------------------------------------------------
---------------------------------------------------------------------------------
Start IO Insertion
---------------------------------------------------------------------------------
---------------------------------------------------------------------------------
Start Flattening Before IO Insertion
---------------------------------------------------------------------------------
---------------------------------------------------------------------------------
Finished Flattening Before IO Insertion
---------------------------------------------------------------------------------
---------------------------------------------------------------------------------
Start Final Netlist Cleanup
---------------------------------------------------------------------------------
---------------------------------------------------------------------------------
Finished Final Netlist Cleanup
---------------------------------------------------------------------------------
---------------------------------------------------------------------------------
Finished IO Insertion : Time (s): cpu = 00:00:46 ; elapsed = 00:01:05 . Memory (MB): peak = 1654.492 ; gain = 685.328
---------------------------------------------------------------------------------
---------------------------------------------------------------------------------
Start Renaming Generated Instances
---------------------------------------------------------------------------------
---------------------------------------------------------------------------------
Finished Renaming Generated Instances : Time (s): cpu = 00:00:46 ; elapsed = 00:01:05 . Memory (MB): peak = 1654.492 ; gain = 685.328
---------------------------------------------------------------------------------
---------------------------------------------------------------------------------
Start Rebuilding User Hierarchy
---------------------------------------------------------------------------------
---------------------------------------------------------------------------------
Finished Rebuilding User Hierarchy : Time (s): cpu = 00:00:46 ; elapsed = 00:01:05 . Memory (MB): peak = 1654.492 ; gain = 685.328
---------------------------------------------------------------------------------
---------------------------------------------------------------------------------
Start Renaming Generated Ports
---------------------------------------------------------------------------------
---------------------------------------------------------------------------------
Finished Renaming Generated Ports : Time (s): cpu = 00:00:46 ; elapsed = 00:01:05 . Memory (MB): peak = 1654.492 ; gain = 685.328
---------------------------------------------------------------------------------
---------------------------------------------------------------------------------
Start Handling Custom Attributes
---------------------------------------------------------------------------------
---------------------------------------------------------------------------------
Finished Handling Custom Attributes : Time (s): cpu = 00:00:46 ; elapsed = 00:01:05 . Memory (MB): peak = 1654.492 ; gain = 685.328
---------------------------------------------------------------------------------
---------------------------------------------------------------------------------
Start Renaming Generated Nets
---------------------------------------------------------------------------------
---------------------------------------------------------------------------------
Finished Renaming Generated Nets : Time (s): cpu = 00:00:46 ; elapsed = 00:01:05 . Memory (MB): peak = 1654.492 ; gain = 685.328
---------------------------------------------------------------------------------
---------------------------------------------------------------------------------
Start Writing Synthesis Report
---------------------------------------------------------------------------------

Report BlackBoxes: 
+-+--------------+----------+
| |BlackBox name |Instances |
+-+--------------+----------+
+-+--------------+----------+

Report Cell Usage: 
+------+-------+------+
|      |Cell   |Count |
+------+-------+------+
|1     |CARRY4 |     8|
|2     |LUT1   |     1|
|3     |LUT2   |     5|
|4     |LUT3   |    21|
|5     |LUT4   |     9|
|6     |LUT5   |     4|
|7     |LUT6   |    84|
|8     |FDRE   |   182|
|9     |FDSE   |     1|
+------+-------+------+
---------------------------------------------------------------------------------
Finished Writing Synthesis Report : Time (s): cpu = 00:00:46 ; elapsed = 00:01:05 . Memory (MB): peak = 1654.492 ; gain = 685.328
---------------------------------------------------------------------------------
Synthesis finished with 0 errors, 0 critical warnings and 7 warnings.
Synthesis Optimization Runtime : Time (s): cpu = 00:00:33 ; elapsed = 00:01:01 . Memory (MB): peak = 1654.492 ; gain = 579.867
Synthesis Optimization Complete : Time (s): cpu = 00:00:47 ; elapsed = 00:01:06 . Memory (MB): peak = 1654.492 ; gain = 685.328
INFO: [Project 1-571] Translating synthesized netlist
Netlist sorting complete. Time (s): cpu = 00:00:00 ; elapsed = 00:00:00.007 . Memory (MB): peak = 1654.492 ; gain = 0.000
INFO: [Netlist 29-17] Analyzing 8 Unisim elements for replacement
INFO: [Netlist 29-28] Unisim Transformation completed in 0 CPU seconds
INFO: [Project 1-570] Preparing netlist for logic optimization
INFO: [Opt 31-138] Pushed 0 inverter(s) to 0 load pin(s).
Netlist sorting complete. Time (s): cpu = 00:00:00 ; elapsed = 00:00:00 . Memory (MB): peak = 1654.492 ; gain = 0.000
INFO: [Project 1-111] Unisim Transformation Summary:
No Unisim elements were transformed.

Synth Design complete | Checksum: 61c927c7
INFO: [Common 17-83] Releasing license: Synthesis
42 Infos, 19 Warnings, 0 Critical Warnings and 0 Errors encountered.
synth_design completed successfully
synth_design: Time (s): cpu = 00:00:56 ; elapsed = 00:01:20 . Memory (MB): peak = 1654.492 ; gain = 1117.836
Write ShapeDB Complete: Time (s): cpu = 00:00:00 ; elapsed = 00:00:00.023 . Memory (MB): peak = 1654.492 ; gain = 0.000
INFO: [Common 17-1381] The checkpoint 'C:/PXL/devWorks/devWorks2/CAR/HC_SR04/HC_SR04.runs/design_1_HC_SR04_1_0_synth_1/design_1_HC_SR04_1_0.dcp' has been generated.
INFO: [Coretcl 2-1648] Added synthesis output to IP cache for IP design_1_HC_SR04_1_0, cache-ID = 06b968865fcad06c
INFO: [Coretcl 2-1174] Renamed 3 cell refs.
Write ShapeDB Complete: Time (s): cpu = 00:00:00 ; elapsed = 00:00:00.002 . Memory (MB): peak = 1654.492 ; gain = 0.000
INFO: [Common 17-1381] The checkpoint 'C:/PXL/devWorks/devWorks2/CAR/HC_SR04/HC_SR04.runs/design_1_HC_SR04_1_0_synth_1/design_1_HC_SR04_1_0.dcp' has been generated.
INFO: [Vivado 12-24828] Executing command : report_utilization -file design_1_HC_SR04_1_0_utilization_synth.rpt -pb design_1_HC_SR04_1_0_utilization_synth.pb
INFO: [Common 17-206] Exiting Vivado at Wed Feb 26 00:13:40 2025...
