
*** Running vivado
    with args -log design_1_axi_timer_0_1.vds -m64 -product Vivado -mode batch -messageDb vivado.pb -notrace -source design_1_axi_timer_0_1.tcl



****** Vivado v2024.1.2 (64-bit)
  **** SW Build 5164865 on Thu Sep  5 14:37:11 MDT 2024
  **** IP Build 5164407 on Fri Sep  6 08:18:11 MDT 2024
  **** SharedData Build 5164864 on Thu Sep 05 13:09:09 MDT 2024
  **** Start of session at: Mon Mar 31 10:21:52 2025
    ** Copyright 1986-2022 Xilinx, Inc. All Rights Reserved.
    ** Copyright 2022-2024 Advanced Micro Devices, Inc. All Rights Reserved.

source design_1_axi_timer_0_1.tcl -notrace
create_project: Time (s): cpu = 00:00:15 ; elapsed = 00:00:20 . Memory (MB): peak = 521.738 ; gain = 129.523
INFO: [IP_Flow 19-6924] IPCACHE: Running cache check for IP inst: design_1_axi_timer_0_1
INFO: [IP_Flow 19-6922] IPCACHE: Exporting cached entry 06783979b5ebcc12 to dir: C:/PXL/devWorks/devWorks2/CAR/MotorControl/MotorControl.runs/design_1_axi_timer_0_1_synth_1
INFO: [IP_Flow 19-6928] IPCACHE: copied cached file c:/PXL/devWorks/devWorks2/CAR/MotorControl/MotorControl.cache/ip/2024.1.2/0/6/06783979b5ebcc12/design_1_axi_timer_0_0.dcp to C:/PXL/devWorks/devWorks2/CAR/MotorControl/MotorControl.runs/design_1_axi_timer_0_1_synth_1/design_1_axi_timer_0_1.dcp.
INFO: [IP_Flow 19-6928] IPCACHE: copied cached file c:/PXL/devWorks/devWorks2/CAR/MotorControl/MotorControl.cache/ip/2024.1.2/0/6/06783979b5ebcc12/design_1_axi_timer_0_0_sim_netlist.v to C:/PXL/devWorks/devWorks2/CAR/MotorControl/MotorControl.runs/design_1_axi_timer_0_1_synth_1/design_1_axi_timer_0_1_sim_netlist.v.
INFO: [IP_Flow 19-6928] IPCACHE: copied cached file c:/PXL/devWorks/devWorks2/CAR/MotorControl/MotorControl.cache/ip/2024.1.2/0/6/06783979b5ebcc12/design_1_axi_timer_0_0_sim_netlist.vhdl to C:/PXL/devWorks/devWorks2/CAR/MotorControl/MotorControl.runs/design_1_axi_timer_0_1_synth_1/design_1_axi_timer_0_1_sim_netlist.vhdl.
INFO: [IP_Flow 19-6928] IPCACHE: copied cached file c:/PXL/devWorks/devWorks2/CAR/MotorControl/MotorControl.cache/ip/2024.1.2/0/6/06783979b5ebcc12/design_1_axi_timer_0_0_stub.v to C:/PXL/devWorks/devWorks2/CAR/MotorControl/MotorControl.runs/design_1_axi_timer_0_1_synth_1/design_1_axi_timer_0_1_stub.v.
INFO: [IP_Flow 19-6928] IPCACHE: copied cached file c:/PXL/devWorks/devWorks2/CAR/MotorControl/MotorControl.cache/ip/2024.1.2/0/6/06783979b5ebcc12/design_1_axi_timer_0_0_stub.vhdl to C:/PXL/devWorks/devWorks2/CAR/MotorControl/MotorControl.runs/design_1_axi_timer_0_1_synth_1/design_1_axi_timer_0_1_stub.vhdl.
INFO: [IP_Flow 19-4838] Using cached IP synthesis design for IP design_1_axi_timer_0_1, cache-ID = 06783979b5ebcc12.
INFO: [Common 17-206] Exiting Vivado at Mon Mar 31 10:22:17 2025...
