01:59:57 **** Incremental Build of configuration Debug for project MotorControl_APP ****
make all 
make --no-print-directory pre-build
a9-linaro-pre-build-step
' '
make --no-print-directory main-build
'Building file: ../src/helloworld.c'
'Invoking: ARM v7 gcc compiler'
arm-none-eabi-gcc -Wall -O0 -g3 -c -fmessage-length=0 -MT"src/helloworld.o" -mcpu=cortex-a9 -mfpu=vfpv3 -mfloat-abi=hard -IC:/PXL/devWorks/devWorks2/CAR/MotorControl/Vitis/MotorControl/export/MotorControl/sw/MotorControl/standalone_ps7_cortexa9_0/bspinclude/include -MMD -MP -MF"src/helloworld.d" -MT"src/helloworld.o" -o "src/helloworld.o" "../src/helloworld.c"
../src/helloworld.c: In function 'xTmrCtr_Init':
../src/helloworld.c:50:17: warning: variable 'DutyCycle' set but not used [-Wunused-but-set-variable]
   50 |     int Status, DutyCycle;
      |                 ^~~~~~~~~
'Finished building: ../src/helloworld.c'
' '
'Building target: MotorControl_APP.elf'
'Invoking: ARM v7 gcc linker'
arm-none-eabi-gcc -mcpu=cortex-a9 -mfpu=vfpv3 -mfloat-abi=hard -Wl,-build-id=none -specs=Xilinx.spec -Wl,-T -Wl,../src/lscript.ld -LC:/PXL/devWorks/devWorks2/CAR/MotorControl/Vitis/MotorControl/export/MotorControl/sw/MotorControl/standalone_ps7_cortexa9_0/bsplib/lib -o "MotorControl_APP.elf"  ./src/helloworld.o ./src/platform.o   -Wl,--start-group,-lxil,-lgcc,-lc,--end-group
'Finished building target: MotorControl_APP.elf'
' '
'Invoking: ARM v7 Print Size'
arm-none-eabi-size MotorControl_APP.elf  |tee "MotorControl_APP.elf.size"
   text	   data	    bss	    dec	    hex	filename
  33863	   1976	  22688	  58527	   e49f	MotorControl_APP.elf
'Finished building: MotorControl_APP.elf.size'
' '

02:00:00 Build Finished (took 3s.385ms)

