14:37:42 DEBUG : Logs will be stored at 'C:/PXL/devWorks/devWorks2/CAR/MotorcontrolSpeedsensor/Vitis/IDE.log'.
14:37:48 INFO  : Platform repository initialization has completed.
14:37:48 INFO  : Launching XSCT server: xsct.bat -n  -interactive C:\PXL\devWorks\devWorks2\CAR\MotorcontrolSpeedsensor\Vitis\temp_xsdb_launch_script.tcl
14:37:48 INFO  : Registering command handlers for Vitis TCF services
14:37:49 ERROR : (XSDB Server)'\gnu\microblaze\lin\bin\' is not recognized as an internal or external command,
operable program or batch file.

14:37:49 ERROR : (XSDB Server)'\gnu\microblaze\nt\bin\' is not recognized as an internal or external command,
operable program or batch file.

14:37:49 ERROR : (XSDB Server)'\gnuwin\bin\' is not recognized as an internal or external command,
operable program or batch file.

14:37:53 INFO  : XSCT server has started successfully.
14:37:56 INFO  : plnx-install-location is set to ''
14:37:56 INFO  : Successfully done setting XSCT server connection channel  
14:37:56 INFO  : Successfully done query RDI_DATADIR 
14:37:56 INFO  : Successfully done setting workspace for the tool. 
14:39:23 INFO  : Result from executing command 'getProjects': MotorcontrolSpeedsensor
14:39:23 INFO  : Result from executing command 'getPlatforms': 
14:39:23 WARN  : An unexpected exception occurred in the module 'platform project logging'
14:39:23 INFO  : Platform 'MotorcontrolSpeedsensor' is added to custom repositories.
14:39:41 INFO  : Platform 'MotorcontrolSpeedsensor' is added to custom repositories.
14:40:27 INFO  : Checking for BSP changes to sync application flags for project 'MotorcontrolSpeedsensor_APP'...
14:40:28 INFO  : Result from executing command 'getProjects': MotorcontrolSpeedsensor;MotorcontrolSpeedsensor_APP;MotorcontrolSpeedsensor_APP_system;RemoteSystemsTempFiles
14:40:28 WARN  : Failed to closehw "C:/PXL/devWorks/devWorks2/CAR/MotorcontrolSpeedsensor/Vitis/MotorcontrolSpeedsensor/export/MotorcontrolSpeedsensor/hw/MotorcontrolSpeedsensor.xsa"
Reason: C:/PXL/devWorks/devWorks2/CAR/MotorcontrolSpeedsensor/Vitis/MotorcontrolSpeedsensor/export/MotorcontrolSpeedsensor/hw/MotorcontrolSpeedsensor.xsa is not available in the current workspace
use 'getprojects' command to see list of available projects in current workspace
14:40:28 INFO  : Result from executing command 'getProjects': MotorcontrolSpeedsensor;MotorcontrolSpeedsensor_APP;MotorcontrolSpeedsensor_APP_system;RemoteSystemsTempFiles
14:40:28 ERROR : Failed to openhw "C:/PXL/devWorks/devWorks2/CAR/MotorcontrolSpeedsensor/Vitis/MotorcontrolSpeedsensor/export/MotorcontrolSpeedsensor/hw/MotorcontrolSpeedsensor.xsa"
Reason: C:/PXL/devWorks/devWorks2/CAR/MotorcontrolSpeedsensor/Vitis/MotorcontrolSpeedsensor/export/MotorcontrolSpeedsensor/hw/MotorcontrolSpeedsensor.xsa is not available in the current workspace
use 'getprojects' command to see list of available projects in current workspace
14:40:28 ERROR : Failed to update application flags from BSP for 'MotorcontrolSpeedsensor_APP'. Reason: null
java.lang.NullPointerException: null
	at com.xilinx.sdx.sw.internal.SDxSwPlatform.<init>(SDxSwPlatform.java:305) ~[com.xilinx.sdx.sw_1.0.0.202406140522.jar:?]
	at com.xilinx.sdx.sw.internal.SDxSwPlatform.create(SDxSwPlatform.java:214) ~[com.xilinx.sdx.sw_1.0.0.202406140522.jar:?]
	at com.xilinx.sdx.sdk.core.util.SdkPlatformHelper.getSwPlatform(SdkPlatformHelper.java:64) ~[com.xilinx.sdx.sdk.core_1.0.0.202406140522.jar:?]
	at com.xilinx.sdx.sdk.core.build.SdkMakefileGenerationListener.getSwPlatform(SdkMakefileGenerationListener.java:160) ~[com.xilinx.sdx.sdk.core_1.0.0.202406140522.jar:?]
	at com.xilinx.sdx.sdk.core.build.SdkMakefileGenerationListener.syncAppFlags(SdkMakefileGenerationListener.java:78) [com.xilinx.sdx.sdk.core_1.0.0.202406140522.jar:?]
	at com.xilinx.sdx.sdk.core.build.SdkMakefileGenerationListener.preMakefileGeneration(SdkMakefileGenerationListener.java:48) [com.xilinx.sdx.sdk.core_1.0.0.202406140522.jar:?]
	at com.xilinx.sdk.managedbuilder.XilinxGnuMakefileGenerator.notifyPreMakefileGenerationListeners(XilinxGnuMakefileGenerator.java:91) [com.xilinx.sdk.managedbuilder_1.0.0.202406140522.jar:?]
	at com.xilinx.sdk.managedbuilder.XilinxGnuMakefileGenerator.regenerateMakefiles(XilinxGnuMakefileGenerator.java:75) [com.xilinx.sdk.managedbuilder_1.0.0.202406140522.jar:?]
	at org.eclipse.cdt.managedbuilder.internal.core.CommonBuilder.performMakefileGeneration(CommonBuilder.java:1006) [org.eclipse.cdt.managedbuilder.core_8.6.0.201802261533.jar:?]
	at org.eclipse.cdt.managedbuilder.internal.core.CommonBuilder.performPrebuildGeneration(CommonBuilder.java:873) [org.eclipse.cdt.managedbuilder.core_8.6.0.201802261533.jar:?]
	at org.eclipse.cdt.managedbuilder.internal.core.CommonBuilder.build(CommonBuilder.java:748) [org.eclipse.cdt.managedbuilder.core_8.6.0.201802261533.jar:?]
	at org.eclipse.cdt.managedbuilder.internal.core.CommonBuilder.build(CommonBuilder.java:513) [org.eclipse.cdt.managedbuilder.core_8.6.0.201802261533.jar:?]
	at org.eclipse.cdt.managedbuilder.internal.core.CommonBuilder.build(CommonBuilder.java:459) [org.eclipse.cdt.managedbuilder.core_8.6.0.201802261533.jar:?]
	at org.eclipse.core.internal.events.BuildManager$2.run(BuildManager.java:832) [org.eclipse.core.resources_3.13.700.v20200209-1624.jar:?]
	at org.eclipse.core.runtime.SafeRunner.run(SafeRunner.java:45) [org.eclipse.equinox.common_3.11.0.v20200206-0817.jar:?]
	at org.eclipse.core.internal.events.BuildManager.basicBuild(BuildManager.java:220) [org.eclipse.core.resources_3.13.700.v20200209-1624.jar:?]
	at org.eclipse.core.internal.events.BuildManager.basicBuild(BuildManager.java:263) [org.eclipse.core.resources_3.13.700.v20200209-1624.jar:?]
	at org.eclipse.core.internal.events.BuildManager$1.run(BuildManager.java:316) [org.eclipse.core.resources_3.13.700.v20200209-1624.jar:?]
	at org.eclipse.core.runtime.SafeRunner.run(SafeRunner.java:45) [org.eclipse.equinox.common_3.11.0.v20200206-0817.jar:?]
	at org.eclipse.core.internal.events.BuildManager.basicBuild(BuildManager.java:319) [org.eclipse.core.resources_3.13.700.v20200209-1624.jar:?]
	at org.eclipse.core.internal.events.BuildManager.basicBuildLoop(BuildManager.java:371) [org.eclipse.core.resources_3.13.700.v20200209-1624.jar:?]
	at org.eclipse.core.internal.events.BuildManager.build(BuildManager.java:392) [org.eclipse.core.resources_3.13.700.v20200209-1624.jar:?]
	at org.eclipse.core.internal.resources.Workspace.buildInternal(Workspace.java:515) [org.eclipse.core.resources_3.13.700.v20200209-1624.jar:?]
	at org.eclipse.core.internal.resources.Workspace.build(Workspace.java:412) [org.eclipse.core.resources_3.13.700.v20200209-1624.jar:?]
	at org.eclipse.ui.actions.BuildAction$1.runInWorkspace(BuildAction.java:291) [org.eclipse.ui.ide_3.17.0.v20200217-1511.jar:?]
	at org.eclipse.core.internal.resources.InternalWorkspaceJob.run(InternalWorkspaceJob.java:42) [org.eclipse.core.resources_3.13.700.v20200209-1624.jar:?]
	at org.eclipse.core.internal.jobs.Worker.run(Worker.java:63) [org.eclipse.core.jobs_3.10.700.v20200106-1020.jar:?]
14:45:13 INFO  : Result from executing command 'getProjects': MotorcontrolSpeedsensor
14:45:13 INFO  : Result from executing command 'getPlatforms': MotorcontrolSpeedsensor|C:/PXL/devWorks/devWorks2/CAR/MotorcontrolSpeedsensor/Vitis/MotorcontrolSpeedsensor/export/MotorcontrolSpeedsensor/MotorcontrolSpeedsensor.xpfm
14:45:13 INFO  : Checking for BSP changes to sync application flags for project 'MotorcontrolSpeedsensor_APP'...
14:48:56 INFO  : Checking for BSP changes to sync application flags for project 'MotorcontrolSpeedsensor_APP'...
14:58:36 INFO  : Checking for BSP changes to sync application flags for project 'MotorcontrolSpeedsensor_APP'...
15:14:12 INFO  : Checking for BSP changes to sync application flags for project 'MotorcontrolSpeedsensor_APP'...
15:14:29 INFO  : Connected to target on host '127.0.0.1' and port '3121'.
15:14:31 INFO  : Jtag cable 'Xilinx HW-FTDI-TEST FT2232H 1234-tulA' is selected.
15:14:31 INFO  : 'jtag frequency' command is executed.
15:14:31 INFO  : Context for 'APU' is selected.
15:14:31 INFO  : System reset is completed.
15:14:34 INFO  : 'after 3000' command is executed.
15:14:34 INFO  : 'targets -set -filter {jtag_cable_name =~ "Xilinx HW-FTDI-TEST FT2232H 1234-tulA" && level==0 && jtag_device_ctx=="jsn-HW-FTDI-TEST FT2232H-1234-tulA-23727093-0"}' command is executed.
15:14:37 INFO  : Device configured successfully with "C:/PXL/devWorks/devWorks2/CAR/MotorcontrolSpeedsensor/Vitis/MotorcontrolSpeedsensor_APP/_ide/bitstream/MotorcontrolSpeedsensor.bit"
15:14:37 INFO  : Context for 'APU' is selected.
15:14:37 INFO  : Hardware design and registers information is loaded from 'C:/PXL/devWorks/devWorks2/CAR/MotorcontrolSpeedsensor/Vitis/MotorcontrolSpeedsensor/export/MotorcontrolSpeedsensor/hw/MotorcontrolSpeedsensor.xsa'.
15:14:37 INFO  : 'configparams force-mem-access 1' command is executed.
15:14:37 INFO  : Context for 'APU' is selected.
15:14:37 INFO  : Sourcing of 'C:/PXL/devWorks/devWorks2/CAR/MotorcontrolSpeedsensor/Vitis/MotorcontrolSpeedsensor_APP/_ide/psinit/ps7_init.tcl' is done.
15:14:37 INFO  : 'ps7_init' command is executed.
15:14:37 INFO  : 'ps7_post_config' command is executed.
15:14:37 INFO  : Context for processor 'ps7_cortexa9_0' is selected.
15:14:37 INFO  : The application 'C:/PXL/devWorks/devWorks2/CAR/MotorcontrolSpeedsensor/Vitis/MotorcontrolSpeedsensor_APP/Debug/MotorcontrolSpeedsensor_APP.elf' is downloaded to processor 'ps7_cortexa9_0'.
15:14:37 INFO  : 'configparams force-mem-access 0' command is executed.
15:14:37 INFO  : ----------------XSDB Script----------------
connect -url tcp:127.0.0.1:3121
targets -set -nocase -filter {name =~"APU*"}
rst -system
after 3000
targets -set -filter {jtag_cable_name =~ "Xilinx HW-FTDI-TEST FT2232H 1234-tulA" && level==0 && jtag_device_ctx=="jsn-HW-FTDI-TEST FT2232H-1234-tulA-23727093-0"}
fpga -file C:/PXL/devWorks/devWorks2/CAR/MotorcontrolSpeedsensor/Vitis/MotorcontrolSpeedsensor_APP/_ide/bitstream/MotorcontrolSpeedsensor.bit
targets -set -nocase -filter {name =~"APU*"}
loadhw -hw C:/PXL/devWorks/devWorks2/CAR/MotorcontrolSpeedsensor/Vitis/MotorcontrolSpeedsensor/export/MotorcontrolSpeedsensor/hw/MotorcontrolSpeedsensor.xsa -mem-ranges [list {0x40000000 0xbfffffff}] -regs
configparams force-mem-access 1
targets -set -nocase -filter {name =~"APU*"}
source C:/PXL/devWorks/devWorks2/CAR/MotorcontrolSpeedsensor/Vitis/MotorcontrolSpeedsensor_APP/_ide/psinit/ps7_init.tcl
ps7_init
ps7_post_config
targets -set -nocase -filter {name =~ "*A9*#0"}
dow C:/PXL/devWorks/devWorks2/CAR/MotorcontrolSpeedsensor/Vitis/MotorcontrolSpeedsensor_APP/Debug/MotorcontrolSpeedsensor_APP.elf
configparams force-mem-access 0
----------------End of Script----------------

15:14:38 INFO  : Context for processor 'ps7_cortexa9_0' is selected.
15:14:38 INFO  : 'con' command is executed.
15:14:38 INFO  : ----------------XSDB Script (After Launch)----------------
targets -set -nocase -filter {name =~ "*A9*#0"}
con
----------------End of Script----------------

15:14:38 INFO  : Launch script is exported to file 'C:\PXL\devWorks\devWorks2\CAR\MotorcontrolSpeedsensor\Vitis\MotorcontrolSpeedsensor_APP_system\_ide\scripts\debugger_motorcontrolspeedsensor_app-default.tcl'
15:15:01 INFO  : Disconnected from the channel tcfchan#3.
15:15:02 INFO  : Connected to target on host '127.0.0.1' and port '3121'.
15:15:11 INFO  : ----------------XSDB Script----------------
connect -url tcp:127.0.0.1:3121
----------------End of Script----------------

15:15:11 ERROR : Could not find ARM device on the board for connection 'Local'.
Check if the target is in:
1. Split JTAG - No operations are possible with ARM DAP.
2. Non JTAG bootmode - Bootrom may need time to enable DAP.
Please try again.


Troubleshooting hints:
1. Check whether board is connected to system properly.
2. In case of zynq board, check whether Digilent/Xilinx cable switch settings are correct.
3. If you are using Xilinx Platform Cable USB, ensure that status LED is green.
15:15:16 INFO  : Connected to target on host '127.0.0.1' and port '3121'.
15:15:16 INFO  : Jtag cable 'Xilinx HW-FTDI-TEST FT2232H 1234-tulA' is selected.
15:15:16 INFO  : 'jtag frequency' command is executed.
15:15:16 INFO  : Context for 'APU' is selected.
15:15:16 INFO  : System reset is completed.
15:15:19 INFO  : 'after 3000' command is executed.
15:15:19 INFO  : 'targets -set -filter {jtag_cable_name =~ "Xilinx HW-FTDI-TEST FT2232H 1234-tulA" && level==0 && jtag_device_ctx=="jsn-HW-FTDI-TEST FT2232H-1234-tulA-23727093-0"}' command is executed.
15:15:21 INFO  : Device configured successfully with "C:/PXL/devWorks/devWorks2/CAR/MotorcontrolSpeedsensor/Vitis/MotorcontrolSpeedsensor_APP/_ide/bitstream/MotorcontrolSpeedsensor.bit"
15:15:21 INFO  : Context for 'APU' is selected.
15:15:21 INFO  : Hardware design and registers information is loaded from 'C:/PXL/devWorks/devWorks2/CAR/MotorcontrolSpeedsensor/Vitis/MotorcontrolSpeedsensor/export/MotorcontrolSpeedsensor/hw/MotorcontrolSpeedsensor.xsa'.
15:15:21 INFO  : 'configparams force-mem-access 1' command is executed.
15:15:21 INFO  : Context for 'APU' is selected.
15:15:21 INFO  : Sourcing of 'C:/PXL/devWorks/devWorks2/CAR/MotorcontrolSpeedsensor/Vitis/MotorcontrolSpeedsensor_APP/_ide/psinit/ps7_init.tcl' is done.
15:15:22 INFO  : 'ps7_init' command is executed.
15:15:22 INFO  : 'ps7_post_config' command is executed.
15:15:22 INFO  : Context for processor 'ps7_cortexa9_0' is selected.
15:15:22 INFO  : The application 'C:/PXL/devWorks/devWorks2/CAR/MotorcontrolSpeedsensor/Vitis/MotorcontrolSpeedsensor_APP/Debug/MotorcontrolSpeedsensor_APP.elf' is downloaded to processor 'ps7_cortexa9_0'.
15:15:22 INFO  : 'configparams force-mem-access 0' command is executed.
15:15:22 INFO  : ----------------XSDB Script----------------
connect -url tcp:127.0.0.1:3121
targets -set -nocase -filter {name =~"APU*"}
rst -system
after 3000
targets -set -filter {jtag_cable_name =~ "Xilinx HW-FTDI-TEST FT2232H 1234-tulA" && level==0 && jtag_device_ctx=="jsn-HW-FTDI-TEST FT2232H-1234-tulA-23727093-0"}
fpga -file C:/PXL/devWorks/devWorks2/CAR/MotorcontrolSpeedsensor/Vitis/MotorcontrolSpeedsensor_APP/_ide/bitstream/MotorcontrolSpeedsensor.bit
targets -set -nocase -filter {name =~"APU*"}
loadhw -hw C:/PXL/devWorks/devWorks2/CAR/MotorcontrolSpeedsensor/Vitis/MotorcontrolSpeedsensor/export/MotorcontrolSpeedsensor/hw/MotorcontrolSpeedsensor.xsa -mem-ranges [list {0x40000000 0xbfffffff}] -regs
configparams force-mem-access 1
targets -set -nocase -filter {name =~"APU*"}
source C:/PXL/devWorks/devWorks2/CAR/MotorcontrolSpeedsensor/Vitis/MotorcontrolSpeedsensor_APP/_ide/psinit/ps7_init.tcl
ps7_init
ps7_post_config
targets -set -nocase -filter {name =~ "*A9*#0"}
dow C:/PXL/devWorks/devWorks2/CAR/MotorcontrolSpeedsensor/Vitis/MotorcontrolSpeedsensor_APP/Debug/MotorcontrolSpeedsensor_APP.elf
configparams force-mem-access 0
----------------End of Script----------------

15:15:22 INFO  : Context for processor 'ps7_cortexa9_0' is selected.
15:15:22 INFO  : 'con' command is executed.
15:15:22 INFO  : ----------------XSDB Script (After Launch)----------------
targets -set -nocase -filter {name =~ "*A9*#0"}
con
----------------End of Script----------------

15:15:22 INFO  : Launch script is exported to file 'C:\PXL\devWorks\devWorks2\CAR\MotorcontrolSpeedsensor\Vitis\MotorcontrolSpeedsensor_APP_system\_ide\scripts\debugger_motorcontrolspeedsensor_app-default.tcl'
15:19:27 INFO  : Checking for BSP changes to sync application flags for project 'MotorcontrolSpeedsensor_APP'...
15:20:49 INFO  : Checking for BSP changes to sync application flags for project 'MotorcontrolSpeedsensor_APP'...
15:20:53 INFO  : Disconnected from the channel tcfchan#4.
15:20:54 INFO  : Connected to target on host '127.0.0.1' and port '3121'.
15:20:57 INFO  : Jtag cable 'Xilinx HW-FTDI-TEST FT2232H 1234-tulA' is selected.
15:20:57 INFO  : 'jtag frequency' command is executed.
15:20:57 INFO  : Context for 'APU' is selected.
15:20:57 INFO  : System reset is completed.
15:21:00 INFO  : 'after 3000' command is executed.
15:21:00 INFO  : 'targets -set -filter {jtag_cable_name =~ "Xilinx HW-FTDI-TEST FT2232H 1234-tulA" && level==0 && jtag_device_ctx=="jsn-HW-FTDI-TEST FT2232H-1234-tulA-23727093-0"}' command is executed.
15:21:03 INFO  : Device configured successfully with "C:/PXL/devWorks/devWorks2/CAR/MotorcontrolSpeedsensor/Vitis/MotorcontrolSpeedsensor_APP/_ide/bitstream/MotorcontrolSpeedsensor.bit"
15:21:03 INFO  : Context for 'APU' is selected.
15:21:03 INFO  : Hardware design and registers information is loaded from 'C:/PXL/devWorks/devWorks2/CAR/MotorcontrolSpeedsensor/Vitis/MotorcontrolSpeedsensor/export/MotorcontrolSpeedsensor/hw/MotorcontrolSpeedsensor.xsa'.
15:21:03 INFO  : 'configparams force-mem-access 1' command is executed.
15:21:03 INFO  : Context for 'APU' is selected.
15:21:03 INFO  : Sourcing of 'C:/PXL/devWorks/devWorks2/CAR/MotorcontrolSpeedsensor/Vitis/MotorcontrolSpeedsensor_APP/_ide/psinit/ps7_init.tcl' is done.
15:21:03 INFO  : 'ps7_init' command is executed.
15:21:03 INFO  : 'ps7_post_config' command is executed.
15:21:03 INFO  : Context for processor 'ps7_cortexa9_0' is selected.
15:21:03 INFO  : The application 'C:/PXL/devWorks/devWorks2/CAR/MotorcontrolSpeedsensor/Vitis/MotorcontrolSpeedsensor_APP/Debug/MotorcontrolSpeedsensor_APP.elf' is downloaded to processor 'ps7_cortexa9_0'.
15:21:03 INFO  : 'configparams force-mem-access 0' command is executed.
15:21:03 INFO  : ----------------XSDB Script----------------
connect -url tcp:127.0.0.1:3121
targets -set -nocase -filter {name =~"APU*"}
rst -system
after 3000
targets -set -filter {jtag_cable_name =~ "Xilinx HW-FTDI-TEST FT2232H 1234-tulA" && level==0 && jtag_device_ctx=="jsn-HW-FTDI-TEST FT2232H-1234-tulA-23727093-0"}
fpga -file C:/PXL/devWorks/devWorks2/CAR/MotorcontrolSpeedsensor/Vitis/MotorcontrolSpeedsensor_APP/_ide/bitstream/MotorcontrolSpeedsensor.bit
targets -set -nocase -filter {name =~"APU*"}
loadhw -hw C:/PXL/devWorks/devWorks2/CAR/MotorcontrolSpeedsensor/Vitis/MotorcontrolSpeedsensor/export/MotorcontrolSpeedsensor/hw/MotorcontrolSpeedsensor.xsa -mem-ranges [list {0x40000000 0xbfffffff}] -regs
configparams force-mem-access 1
targets -set -nocase -filter {name =~"APU*"}
source C:/PXL/devWorks/devWorks2/CAR/MotorcontrolSpeedsensor/Vitis/MotorcontrolSpeedsensor_APP/_ide/psinit/ps7_init.tcl
ps7_init
ps7_post_config
targets -set -nocase -filter {name =~ "*A9*#0"}
dow C:/PXL/devWorks/devWorks2/CAR/MotorcontrolSpeedsensor/Vitis/MotorcontrolSpeedsensor_APP/Debug/MotorcontrolSpeedsensor_APP.elf
configparams force-mem-access 0
----------------End of Script----------------

15:21:04 INFO  : Context for processor 'ps7_cortexa9_0' is selected.
15:21:04 INFO  : 'con' command is executed.
15:21:04 INFO  : ----------------XSDB Script (After Launch)----------------
targets -set -nocase -filter {name =~ "*A9*#0"}
con
----------------End of Script----------------

15:21:04 INFO  : Launch script is exported to file 'C:\PXL\devWorks\devWorks2\CAR\MotorcontrolSpeedsensor\Vitis\MotorcontrolSpeedsensor_APP_system\_ide\scripts\debugger_motorcontrolspeedsensor_app-default.tcl'
15:26:49 INFO  : Checking for BSP changes to sync application flags for project 'MotorcontrolSpeedsensor_APP'...
15:27:06 INFO  : Checking for BSP changes to sync application flags for project 'MotorcontrolSpeedsensor_APP'...
15:27:10 INFO  : Disconnected from the channel tcfchan#5.
15:27:11 INFO  : Connected to target on host '127.0.0.1' and port '3121'.
15:27:21 INFO  : ----------------XSDB Script----------------
connect -url tcp:127.0.0.1:3121
----------------End of Script----------------

15:27:21 ERROR : Could not find ARM device on the board for connection 'Local'.
Check if the target is in:
1. Split JTAG - No operations are possible with ARM DAP.
2. Non JTAG bootmode - Bootrom may need time to enable DAP.
Please try again.


Troubleshooting hints:
1. Check whether board is connected to system properly.
2. In case of zynq board, check whether Digilent/Xilinx cable switch settings are correct.
3. If you are using Xilinx Platform Cable USB, ensure that status LED is green.
15:28:31 INFO  : Checking for BSP changes to sync application flags for project 'MotorcontrolSpeedsensor_APP'...
15:28:34 INFO  : Connected to target on host '127.0.0.1' and port '3121'.
15:28:35 INFO  : Jtag cable 'Xilinx HW-FTDI-TEST FT2232H 1234-tulA' is selected.
15:28:35 INFO  : 'jtag frequency' command is executed.
15:28:35 INFO  : Context for 'APU' is selected.
15:28:35 INFO  : System reset is completed.
15:28:38 INFO  : 'after 3000' command is executed.
15:28:38 INFO  : 'targets -set -filter {jtag_cable_name =~ "Xilinx HW-FTDI-TEST FT2232H 1234-tulA" && level==0 && jtag_device_ctx=="jsn-HW-FTDI-TEST FT2232H-1234-tulA-23727093-0"}' command is executed.
15:28:40 INFO  : Device configured successfully with "C:/PXL/devWorks/devWorks2/CAR/MotorcontrolSpeedsensor/Vitis/MotorcontrolSpeedsensor_APP/_ide/bitstream/MotorcontrolSpeedsensor.bit"
15:28:40 INFO  : Context for 'APU' is selected.
15:28:40 INFO  : Hardware design and registers information is loaded from 'C:/PXL/devWorks/devWorks2/CAR/MotorcontrolSpeedsensor/Vitis/MotorcontrolSpeedsensor/export/MotorcontrolSpeedsensor/hw/MotorcontrolSpeedsensor.xsa'.
15:28:40 INFO  : 'configparams force-mem-access 1' command is executed.
15:28:40 INFO  : Context for 'APU' is selected.
15:28:40 INFO  : Sourcing of 'C:/PXL/devWorks/devWorks2/CAR/MotorcontrolSpeedsensor/Vitis/MotorcontrolSpeedsensor_APP/_ide/psinit/ps7_init.tcl' is done.
15:28:40 INFO  : 'ps7_init' command is executed.
15:28:40 INFO  : 'ps7_post_config' command is executed.
15:28:40 INFO  : Context for processor 'ps7_cortexa9_0' is selected.
15:28:41 INFO  : The application 'C:/PXL/devWorks/devWorks2/CAR/MotorcontrolSpeedsensor/Vitis/MotorcontrolSpeedsensor_APP/Debug/MotorcontrolSpeedsensor_APP.elf' is downloaded to processor 'ps7_cortexa9_0'.
15:28:41 INFO  : 'configparams force-mem-access 0' command is executed.
15:28:41 INFO  : ----------------XSDB Script----------------
connect -url tcp:127.0.0.1:3121
targets -set -nocase -filter {name =~"APU*"}
rst -system
after 3000
targets -set -filter {jtag_cable_name =~ "Xilinx HW-FTDI-TEST FT2232H 1234-tulA" && level==0 && jtag_device_ctx=="jsn-HW-FTDI-TEST FT2232H-1234-tulA-23727093-0"}
fpga -file C:/PXL/devWorks/devWorks2/CAR/MotorcontrolSpeedsensor/Vitis/MotorcontrolSpeedsensor_APP/_ide/bitstream/MotorcontrolSpeedsensor.bit
targets -set -nocase -filter {name =~"APU*"}
loadhw -hw C:/PXL/devWorks/devWorks2/CAR/MotorcontrolSpeedsensor/Vitis/MotorcontrolSpeedsensor/export/MotorcontrolSpeedsensor/hw/MotorcontrolSpeedsensor.xsa -mem-ranges [list {0x40000000 0xbfffffff}] -regs
configparams force-mem-access 1
targets -set -nocase -filter {name =~"APU*"}
source C:/PXL/devWorks/devWorks2/CAR/MotorcontrolSpeedsensor/Vitis/MotorcontrolSpeedsensor_APP/_ide/psinit/ps7_init.tcl
ps7_init
ps7_post_config
targets -set -nocase -filter {name =~ "*A9*#0"}
dow C:/PXL/devWorks/devWorks2/CAR/MotorcontrolSpeedsensor/Vitis/MotorcontrolSpeedsensor_APP/Debug/MotorcontrolSpeedsensor_APP.elf
configparams force-mem-access 0
----------------End of Script----------------

15:28:41 INFO  : Context for processor 'ps7_cortexa9_0' is selected.
15:28:41 INFO  : 'con' command is executed.
15:28:41 INFO  : ----------------XSDB Script (After Launch)----------------
targets -set -nocase -filter {name =~ "*A9*#0"}
con
----------------End of Script----------------

15:28:41 INFO  : Launch script is exported to file 'C:\PXL\devWorks\devWorks2\CAR\MotorcontrolSpeedsensor\Vitis\MotorcontrolSpeedsensor_APP_system\_ide\scripts\debugger_motorcontrolspeedsensor_app-default.tcl'
15:31:09 INFO  : Checking for BSP changes to sync application flags for project 'MotorcontrolSpeedsensor_APP'...
15:31:23 INFO  : Disconnected from the channel tcfchan#6.
15:31:24 INFO  : Connected to target on host '127.0.0.1' and port '3121'.
15:31:24 INFO  : Jtag cable 'Xilinx HW-FTDI-TEST FT2232H 1234-tulA' is selected.
15:31:24 INFO  : 'jtag frequency' command is executed.
15:31:24 INFO  : Context for 'APU' is selected.
15:31:24 INFO  : System reset is completed.
15:31:27 INFO  : 'after 3000' command is executed.
15:31:27 INFO  : 'targets -set -filter {jtag_cable_name =~ "Xilinx HW-FTDI-TEST FT2232H 1234-tulA" && level==0 && jtag_device_ctx=="jsn-HW-FTDI-TEST FT2232H-1234-tulA-23727093-0"}' command is executed.
15:31:29 INFO  : Device configured successfully with "C:/PXL/devWorks/devWorks2/CAR/MotorcontrolSpeedsensor/Vitis/MotorcontrolSpeedsensor_APP/_ide/bitstream/MotorcontrolSpeedsensor.bit"
15:31:29 INFO  : Context for 'APU' is selected.
15:31:29 INFO  : Hardware design and registers information is loaded from 'C:/PXL/devWorks/devWorks2/CAR/MotorcontrolSpeedsensor/Vitis/MotorcontrolSpeedsensor/export/MotorcontrolSpeedsensor/hw/MotorcontrolSpeedsensor.xsa'.
15:31:29 INFO  : 'configparams force-mem-access 1' command is executed.
15:31:29 INFO  : Context for 'APU' is selected.
15:31:29 INFO  : Sourcing of 'C:/PXL/devWorks/devWorks2/CAR/MotorcontrolSpeedsensor/Vitis/MotorcontrolSpeedsensor_APP/_ide/psinit/ps7_init.tcl' is done.
15:31:30 INFO  : 'ps7_init' command is executed.
15:31:30 INFO  : 'ps7_post_config' command is executed.
15:31:30 INFO  : Context for processor 'ps7_cortexa9_0' is selected.
15:31:30 INFO  : The application 'C:/PXL/devWorks/devWorks2/CAR/MotorcontrolSpeedsensor/Vitis/MotorcontrolSpeedsensor_APP/Debug/MotorcontrolSpeedsensor_APP.elf' is downloaded to processor 'ps7_cortexa9_0'.
15:31:30 INFO  : 'configparams force-mem-access 0' command is executed.
15:31:30 INFO  : ----------------XSDB Script----------------
connect -url tcp:127.0.0.1:3121
targets -set -nocase -filter {name =~"APU*"}
rst -system
after 3000
targets -set -filter {jtag_cable_name =~ "Xilinx HW-FTDI-TEST FT2232H 1234-tulA" && level==0 && jtag_device_ctx=="jsn-HW-FTDI-TEST FT2232H-1234-tulA-23727093-0"}
fpga -file C:/PXL/devWorks/devWorks2/CAR/MotorcontrolSpeedsensor/Vitis/MotorcontrolSpeedsensor_APP/_ide/bitstream/MotorcontrolSpeedsensor.bit
targets -set -nocase -filter {name =~"APU*"}
loadhw -hw C:/PXL/devWorks/devWorks2/CAR/MotorcontrolSpeedsensor/Vitis/MotorcontrolSpeedsensor/export/MotorcontrolSpeedsensor/hw/MotorcontrolSpeedsensor.xsa -mem-ranges [list {0x40000000 0xbfffffff}] -regs
configparams force-mem-access 1
targets -set -nocase -filter {name =~"APU*"}
source C:/PXL/devWorks/devWorks2/CAR/MotorcontrolSpeedsensor/Vitis/MotorcontrolSpeedsensor_APP/_ide/psinit/ps7_init.tcl
ps7_init
ps7_post_config
targets -set -nocase -filter {name =~ "*A9*#0"}
dow C:/PXL/devWorks/devWorks2/CAR/MotorcontrolSpeedsensor/Vitis/MotorcontrolSpeedsensor_APP/Debug/MotorcontrolSpeedsensor_APP.elf
configparams force-mem-access 0
----------------End of Script----------------

15:31:30 INFO  : Context for processor 'ps7_cortexa9_0' is selected.
15:31:30 INFO  : 'con' command is executed.
15:31:30 INFO  : ----------------XSDB Script (After Launch)----------------
targets -set -nocase -filter {name =~ "*A9*#0"}
con
----------------End of Script----------------

15:31:30 INFO  : Launch script is exported to file 'C:\PXL\devWorks\devWorks2\CAR\MotorcontrolSpeedsensor\Vitis\MotorcontrolSpeedsensor_APP_system\_ide\scripts\debugger_motorcontrolspeedsensor_app-default.tcl'
15:35:09 INFO  : Checking for BSP changes to sync application flags for project 'MotorcontrolSpeedsensor_APP'...
15:35:12 INFO  : Disconnected from the channel tcfchan#7.
15:35:13 INFO  : Connected to target on host '127.0.0.1' and port '3121'.
15:35:14 INFO  : Jtag cable 'Xilinx HW-FTDI-TEST FT2232H 1234-tulA' is selected.
15:35:14 INFO  : 'jtag frequency' command is executed.
15:35:14 INFO  : Context for 'APU' is selected.
15:35:14 INFO  : System reset is completed.
15:35:17 INFO  : 'after 3000' command is executed.
15:35:17 INFO  : 'targets -set -filter {jtag_cable_name =~ "Xilinx HW-FTDI-TEST FT2232H 1234-tulA" && level==0 && jtag_device_ctx=="jsn-HW-FTDI-TEST FT2232H-1234-tulA-23727093-0"}' command is executed.
15:35:19 INFO  : Device configured successfully with "C:/PXL/devWorks/devWorks2/CAR/MotorcontrolSpeedsensor/Vitis/MotorcontrolSpeedsensor_APP/_ide/bitstream/MotorcontrolSpeedsensor.bit"
15:35:19 INFO  : Context for 'APU' is selected.
15:35:19 INFO  : Hardware design and registers information is loaded from 'C:/PXL/devWorks/devWorks2/CAR/MotorcontrolSpeedsensor/Vitis/MotorcontrolSpeedsensor/export/MotorcontrolSpeedsensor/hw/MotorcontrolSpeedsensor.xsa'.
15:35:19 INFO  : 'configparams force-mem-access 1' command is executed.
15:35:19 INFO  : Context for 'APU' is selected.
15:35:19 INFO  : Sourcing of 'C:/PXL/devWorks/devWorks2/CAR/MotorcontrolSpeedsensor/Vitis/MotorcontrolSpeedsensor_APP/_ide/psinit/ps7_init.tcl' is done.
15:35:19 INFO  : 'ps7_init' command is executed.
15:35:19 INFO  : 'ps7_post_config' command is executed.
15:35:19 INFO  : Context for processor 'ps7_cortexa9_0' is selected.
15:35:20 INFO  : The application 'C:/PXL/devWorks/devWorks2/CAR/MotorcontrolSpeedsensor/Vitis/MotorcontrolSpeedsensor_APP/Debug/MotorcontrolSpeedsensor_APP.elf' is downloaded to processor 'ps7_cortexa9_0'.
15:35:20 INFO  : 'configparams force-mem-access 0' command is executed.
15:35:20 INFO  : ----------------XSDB Script----------------
connect -url tcp:127.0.0.1:3121
targets -set -nocase -filter {name =~"APU*"}
rst -system
after 3000
targets -set -filter {jtag_cable_name =~ "Xilinx HW-FTDI-TEST FT2232H 1234-tulA" && level==0 && jtag_device_ctx=="jsn-HW-FTDI-TEST FT2232H-1234-tulA-23727093-0"}
fpga -file C:/PXL/devWorks/devWorks2/CAR/MotorcontrolSpeedsensor/Vitis/MotorcontrolSpeedsensor_APP/_ide/bitstream/MotorcontrolSpeedsensor.bit
targets -set -nocase -filter {name =~"APU*"}
loadhw -hw C:/PXL/devWorks/devWorks2/CAR/MotorcontrolSpeedsensor/Vitis/MotorcontrolSpeedsensor/export/MotorcontrolSpeedsensor/hw/MotorcontrolSpeedsensor.xsa -mem-ranges [list {0x40000000 0xbfffffff}] -regs
configparams force-mem-access 1
targets -set -nocase -filter {name =~"APU*"}
source C:/PXL/devWorks/devWorks2/CAR/MotorcontrolSpeedsensor/Vitis/MotorcontrolSpeedsensor_APP/_ide/psinit/ps7_init.tcl
ps7_init
ps7_post_config
targets -set -nocase -filter {name =~ "*A9*#0"}
dow C:/PXL/devWorks/devWorks2/CAR/MotorcontrolSpeedsensor/Vitis/MotorcontrolSpeedsensor_APP/Debug/MotorcontrolSpeedsensor_APP.elf
configparams force-mem-access 0
----------------End of Script----------------

15:35:20 INFO  : Context for processor 'ps7_cortexa9_0' is selected.
15:35:20 INFO  : 'con' command is executed.
15:35:20 INFO  : ----------------XSDB Script (After Launch)----------------
targets -set -nocase -filter {name =~ "*A9*#0"}
con
----------------End of Script----------------

15:35:20 INFO  : Launch script is exported to file 'C:\PXL\devWorks\devWorks2\CAR\MotorcontrolSpeedsensor\Vitis\MotorcontrolSpeedsensor_APP_system\_ide\scripts\debugger_motorcontrolspeedsensor_app-default.tcl'
15:39:11 INFO  : Disconnected from the channel tcfchan#8.
